[0/1] Re-running CMake...
CMake Deprecation Warning at build/windows-msvc/_deps/pugixml-src/CMakeLists.txt:1 (cmake_minimum_required):
  Compatibility with CMake < 3.10 will be removed from a future version of
  CMake.

  Update the VERSION argument <min> value.  Or, use the <min>...<max> syntax
  to tell CMake that the project requires at least <min> but has been updated
  to work with policies introduced by <max> or earlier.


-- Configuring done (0.0s)
-- Generating done (0.0s)
-- Build files have been written to: /mnt/data/re06/OpenAndroidUSM/build/re06-baseline
[1/14] Building CXX object CMakeFiles/OpenAndroidUSM.Core.dir/src/game/HostageSound.cpp.o
[2/14] Building CXX object CMakeFiles/OpenAndroidUSM.Core.dir/src/game/LevelHostageRuntime.cpp.o
[3/14] Building CXX object CMakeFiles/OpenAndroidUSM.QteParityTests.dir/tests/QteParityTests.cpp.o
[4/14] Building CXX object CMakeFiles/OpenAndroidUSM.Core.dir/src/diagnostics/AutoplayHarness.cpp.o
[5/14] Linking CXX static library libOpenAndroidUSM.Core.a
[6/14] Building CXX object CMakeFiles/OpenAndroidUSM.QteControlTests.dir/tests/QteControlTests.cpp.o
[7/14] Linking CXX executable OpenAndroidUSM.QteParityTests
[8/14] Linking CXX executable OpenAndroidUSM.QteControlTests
[9/14] Linking CXX executable OpenAndroidUSM.InputTransitionsTests
[10/14] Building CXX object CMakeFiles/OpenAndroidUSM.InputParityTests.dir/tests/InputParityTests.cpp.o
[11/14] Linking CXX executable OpenAndroidUSM.InputParityTests
[12/14] Building CXX object CMakeFiles/OpenAndroidUSM.CoreTests.dir/tests/SmokeTests.cpp.o
[13/14] Linking CXX executable OpenAndroidUSM.CoreTests
