[1/128] Building C object _deps/zlib-build/CMakeFiles/zlibstatic.dir/adler32.c.o
[2/128] Building C object _deps/zlib-build/CMakeFiles/zlibstatic.dir/compress.c.o
[3/128] Building C object _deps/zlib-build/CMakeFiles/zlibstatic.dir/crc32.c.o
[4/128] Building CXX object CMakeFiles/OpenAndroidUSM.PVRTC.dir/_deps/powervr-decompress/PVRTDecompress.cpp.o
[5/128] Building C object _deps/zlib-build/CMakeFiles/zlibstatic.dir/gzclose.c.o
[6/128] Building C object _deps/zlib-build/CMakeFiles/zlibstatic.dir/deflate.c.o
[7/128] Building C object _deps/zlib-build/CMakeFiles/zlibstatic.dir/gzlib.c.o
[8/128] Building C object _deps/zlib-build/CMakeFiles/zlibstatic.dir/gzread.c.o
[9/128] Building C object _deps/zlib-build/CMakeFiles/zlibstatic.dir/gzwrite.c.o
[10/128] Building C object _deps/zlib-build/CMakeFiles/zlibstatic.dir/infback.c.o
[11/128] Building C object _deps/zlib-build/CMakeFiles/zlibstatic.dir/inftrees.c.o
[12/128] Building C object _deps/zlib-build/CMakeFiles/zlibstatic.dir/inffast.c.o
[13/128] Building C object _deps/zlib-build/CMakeFiles/zlibstatic.dir/inflate.c.o
[14/128] Building C object _deps/zlib-build/CMakeFiles/zlibstatic.dir/uncompr.c.o
[15/128] Building C object _deps/zlib-build/CMakeFiles/zlibstatic.dir/zutil.c.o
[16/128] Building C object _deps/zlib-build/CMakeFiles/zlibstatic.dir/trees.c.o
[17/128] Linking CXX static library libOpenAndroidUSM.PVRTC.a
[18/128] Building CXX object CMakeFiles/OpenAndroidUSM.Vorbis.dir/_deps/stb-vorbis/stb_vorbis.c.o
[19/128] Linking CXX static library libOpenAndroidUSM.Vorbis.a
[20/128] Building CXX object CMakeFiles/OpenAndroidUSM.Core.dir/src/audio/CinematicSoundBank.cpp.o
[21/128] Building CXX object CMakeFiles/OpenAndroidUSM.Core.dir/src/audio/LevelMusicBank.cpp.o
[22/128] Building CXX object CMakeFiles/OpenAndroidUSM.Core.dir/src/audio/OggAudio.cpp.o
[23/128] Building CXX object CMakeFiles/OpenAndroidUSM.Core.dir/src/audio/EnemyBehaviorSoundBank.cpp.o
[24/128] Building CXX object CMakeFiles/OpenAndroidUSM.Core.dir/src/audio/PlayerStateSoundBank.cpp.o
[25/128] Building CXX object CMakeFiles/OpenAndroidUSM.Core.dir/src/audio/SpatialSound.cpp.o
[26/128] Building CXX object _deps/pugixml-build/CMakeFiles/pugixml-static.dir/src/pugixml.cpp.o
[27/128] Building CXX object CMakeFiles/OpenAndroidUSM.Core.dir/src/audio/VoxSoundTable.cpp.o
[28/128] Building CXX object CMakeFiles/OpenAndroidUSM.Core.dir/src/audio/SoundEventCatalog.cpp.o
[29/128] Building CXX object CMakeFiles/OpenAndroidUSM.Core.dir/src/assets/BresFile.cpp.o
[30/128] Building CXX object CMakeFiles/OpenAndroidUSM.Core.dir/src/assets/AnimationDisplacement.cpp.o
[31/128] Building CXX object CMakeFiles/OpenAndroidUSM.Core.dir/src/assets/BtexTexture.cpp.o
[32/128] Building CXX object CMakeFiles/OpenAndroidUSM.Core.dir/src/assets/DdsAtcTexture.cpp.o
[33/128] Building CXX object CMakeFiles/OpenAndroidUSM.Core.dir/src/assets/ColladaAnimation.cpp.o
[34/128] Building CXX object CMakeFiles/OpenAndroidUSM.Core.dir/src/assets/IrrScene.cpp.o
[35/128] Building CXX object CMakeFiles/OpenAndroidUSM.Core.dir/src/assets/SpriteAtlas.cpp.o
[36/128] Building CXX object CMakeFiles/OpenAndroidUSM.Core.dir/src/assets/TgaTexture.cpp.o
[37/128] Building CXX object CMakeFiles/OpenAndroidUSM.Core.dir/src/assets/ColladaSkinning.cpp.o
[38/128] Building CXX object CMakeFiles/OpenAndroidUSM.Core.dir/src/filesystem/GbmpArchive.cpp.o
[39/128] Building CXX object CMakeFiles/OpenAndroidUSM.Core.dir/src/assets/ColladaMesh.cpp.o
[40/128] Building CXX object CMakeFiles/OpenAndroidUSM.Core.dir/src/game/AttackConfig.cpp.o
[41/128] Building CXX object CMakeFiles/OpenAndroidUSM.Core.dir/src/game/CinematicScript.cpp.o
[42/128] Building CXX object CMakeFiles/OpenAndroidUSM.Core.dir/src/game/QuickTimeActionConfig.cpp.o
[43/128] Building CXX object CMakeFiles/OpenAndroidUSM.Core.dir/src/game/ButtonConfig.cpp.o
[44/128] Building CXX object CMakeFiles/OpenAndroidUSM.Core.dir/src/game/CinematicPlayer.cpp.o
[45/128] Building CXX object CMakeFiles/OpenAndroidUSM.Core.dir/src/game/CinematicCamera.cpp.o
[46/128] Building CXX object CMakeFiles/OpenAndroidUSM.Core.dir/src/game/QuickTimeActionRuntime.cpp.o
[47/128] Building CXX object CMakeFiles/OpenAndroidUSM.Core.dir/src/game/CinematicCameraTrack.cpp.o
[48/128] Building CXX object CMakeFiles/OpenAndroidUSM.Core.dir/src/game/ExitMenuRuntime.cpp.o
[49/128] Building CXX object CMakeFiles/OpenAndroidUSM.Core.dir/src/game/CinematicUiRuntime.cpp.o
[50/128] Building CXX object CMakeFiles/OpenAndroidUSM.Core.dir/src/game/DeathConfirmationRuntime.cpp.o
[51/128] Building CXX object CMakeFiles/OpenAndroidUSM.Core.dir/src/game/EnemyAttackIntervalConfig.cpp.o
[52/128] Building CXX object CMakeFiles/OpenAndroidUSM.Core.dir/src/game/EnemyRangeAttackConfig.cpp.o
[53/128] Building CXX object CMakeFiles/OpenAndroidUSM.Core.dir/src/game/EnemyBehaviorConfig.cpp.o
[54/128] Building CXX object CMakeFiles/OpenAndroidUSM.Core.dir/src/game/EnemyAttributeConfig.cpp.o
[55/128] Building CXX object CMakeFiles/OpenAndroidUSM.Core.dir/src/game/EnemySpecialActionConfig.cpp.o
[56/128] Building CXX object CMakeFiles/OpenAndroidUSM.Core.dir/src/game/EffectBillboard.cpp.o
[57/128] Building CXX object CMakeFiles/OpenAndroidUSM.Core.dir/src/game/GameplayCamera.cpp.o
[58/128] Building CXX object CMakeFiles/OpenAndroidUSM.Core.dir/src/game/GameplayCinematicScheduler.cpp.o
[59/128] Building CXX object CMakeFiles/OpenAndroidUSM.Core.dir/src/game/EffectPreset.cpp.o
[60/128] Building CXX object CMakeFiles/OpenAndroidUSM.Core.dir/src/game/LevelCheckPointRuntime.cpp.o
[61/128] Building CXX object CMakeFiles/OpenAndroidUSM.Core.dir/src/game/LevelCinematicRuntime.cpp.o
[62/128] Building CXX object CMakeFiles/OpenAndroidUSM.Core.dir/src/game/GameplayPlayer.cpp.o
[63/128] Building CXX object CMakeFiles/OpenAndroidUSM.Core.dir/src/game/LevelCollision.cpp.o
[64/128] Building CXX object CMakeFiles/OpenAndroidUSM.Core.dir/src/game/LevelDeathRuntime.cpp.o
[65/128] Building CXX object CMakeFiles/OpenAndroidUSM.Core.dir/src/game/LevelBonusRuntime.cpp.o
[66/128] Building CXX object CMakeFiles/OpenAndroidUSM.Core.dir/src/game/LevelDamageRuntime.cpp.o
[67/128] Building CXX object CMakeFiles/OpenAndroidUSM.Core.dir/src/game/LevelEffectRuntime.cpp.o
[68/128] Building CXX object CMakeFiles/OpenAndroidUSM.Core.dir/src/game/LevelDropRuntime.cpp.o
[69/128] Building CXX object CMakeFiles/OpenAndroidUSM.Core.dir/src/game/LevelHintRuntime.cpp.o
[70/128] Building CXX object CMakeFiles/OpenAndroidUSM.Core.dir/src/game/HostageSound.cpp.o
[71/128] Building CXX object CMakeFiles/OpenAndroidUSM.Core.dir/src/game/LevelMusicRuntime.cpp.o
[72/128] Building CXX object CMakeFiles/OpenAndroidUSM.Core.dir/src/game/NativeRandomizer.cpp.o
[73/128] Building CXX object CMakeFiles/OpenAndroidUSM.Core.dir/src/game/LevelHostageRuntime.cpp.o
[74/128] Building CXX object CMakeFiles/OpenAndroidUSM.Core.dir/src/game/LevelObjectRuntime.cpp.o
[75/128] Building CXX object CMakeFiles/OpenAndroidUSM.Core.dir/src/game/LevelRestoreRuntime.cpp.o
[76/128] Building CXX object CMakeFiles/OpenAndroidUSM.Core.dir/src/game/LevelEnemyRuntime.cpp.o
[77/128] Building CXX object CMakeFiles/OpenAndroidUSM.Core.dir/src/game/LevelTriggerRuntime.cpp.o
[78/128] Building CXX object CMakeFiles/OpenAndroidUSM.Core.dir/src/game/LevelTriggerSoundRuntime.cpp.o
[79/128] Building CXX object CMakeFiles/OpenAndroidUSM.Core.dir/src/game/LocalizedStringTable.cpp.o
[80/128] Building CXX object CMakeFiles/OpenAndroidUSM.Core.dir/src/game/PlayerHudHealthState.cpp.o
[81/128] Building CXX object CMakeFiles/OpenAndroidUSM.Core.dir/src/game/LevelSlideRuntime.cpp.o
[82/128] Building CXX object CMakeFiles/OpenAndroidUSM.Core.dir/src/game/PlayerHitEffectConfig.cpp.o
[83/128] Building CXX object CMakeFiles/OpenAndroidUSM.Core.dir/src/game/QteGesturePath.cpp.o
[84/128] Building CXX object CMakeFiles/OpenAndroidUSM.Core.dir/src/game/PlayerStateConfig.cpp.o
[85/128] Building CXX object CMakeFiles/OpenAndroidUSM.Core.dir/src/game/QteSpriteAnimation.cpp.o
[86/128] Building CXX object CMakeFiles/OpenAndroidUSM.Core.dir/src/game/QteFeedbackGeometry.cpp.o
[87/128] Building CXX object CMakeFiles/OpenAndroidUSM.Core.dir/src/game/QteCinematicHandoff.cpp.o
[88/128] Building CXX object CMakeFiles/OpenAndroidUSM.Core.dir/src/game/QuickTimeEventRuntime.cpp.o
[89/128] Building CXX object CMakeFiles/OpenAndroidUSM.Core.dir/src/game/WallWebRuntime.cpp.o
[90/128] Building CXX object CMakeFiles/OpenAndroidUSM.Core.dir/src/game/WebGrabPointRuntime.cpp.o
[91/128] Building CXX object CMakeFiles/OpenAndroidUSM.Core.dir/src/game/WebLineGeometry.cpp.o
[92/128] Building CXX object CMakeFiles/OpenAndroidUSM.Core.dir/src/game/WebSwingRuntime.cpp.o
[93/128] Building CXX object CMakeFiles/OpenAndroidUSM.Core.dir/src/reconstructed/input/XperiaKeyRouter.cpp.o
[94/128] Building CXX object CMakeFiles/OpenAndroidUSM.Core.dir/src/platform/input/XInputStateTranslator.cpp.o
[95/128] Building C object _deps/zlib-build/CMakeFiles/zlib.dir/adler32.c.o
[96/128] Building C object _deps/zlib-build/CMakeFiles/zlib.dir/compress.c.o
[97/128] Building C object _deps/zlib-build/CMakeFiles/zlib.dir/crc32.c.o
[98/128] Building C object _deps/zlib-build/CMakeFiles/zlib.dir/deflate.c.o
[99/128] Building C object _deps/zlib-build/CMakeFiles/zlib.dir/gzclose.c.o
[100/128] Building C object _deps/zlib-build/CMakeFiles/zlib.dir/gzlib.c.o
[101/128] Building C object _deps/zlib-build/CMakeFiles/zlib.dir/gzread.c.o
[102/128] Building C object _deps/zlib-build/CMakeFiles/zlib.dir/gzwrite.c.o
[103/128] Building C object _deps/zlib-build/CMakeFiles/zlib.dir/inflate.c.o
[104/128] Building CXX object CMakeFiles/OpenAndroidUSM.Core.dir/src/game/LevelOneBootstrap.cpp.o
[105/128] Building C object _deps/zlib-build/CMakeFiles/zlib.dir/inftrees.c.o
[106/128] Building C object _deps/zlib-build/CMakeFiles/zlib.dir/infback.c.o
[107/128] Building C object _deps/zlib-build/CMakeFiles/zlib.dir/inffast.c.o
[108/128] Building C object _deps/zlib-build/CMakeFiles/zlib.dir/uncompr.c.o
[109/128] Building C object _deps/zlib-build/CMakeFiles/zlib.dir/trees.c.o
[110/128] Linking C static library _deps/zlib-build/libz.a
[111/128] Linking CXX static library _deps/pugixml-build/libpugixml.a
[112/128] Building C object _deps/zlib-build/CMakeFiles/zlib.dir/zutil.c.o
[113/128] Building CXX object CMakeFiles/OpenAndroidUSM.Core.dir/src/diagnostics/AutoplayHarness.cpp.o
[114/128] Linking CXX static library libOpenAndroidUSM.Core.a
[115/128] Building CXX object CMakeFiles/OpenAndroidUSM.QteParityTests.dir/tests/QteParityTests.cpp.o
[116/128] Building CXX object CMakeFiles/OpenAndroidUSM.QteControlTests.dir/tests/QteControlTests.cpp.o
[117/128] Building CXX object CMakeFiles/OpenAndroidUSM.InputParityTests.dir/tests/InputParityTests.cpp.o
[118/128] Building CXX object CMakeFiles/OpenAndroidUSM.HostageIntegrationTests.dir/tests/HostageIntegrationTests.cpp.o
[119/128] Linking C shared library _deps/zlib-build/libz.so.1.3.1
[120/128] Linking CXX executable OpenAndroidUSM.QteParityTests
[121/128] Linking CXX executable OpenAndroidUSM.QteControlTests
[122/128] Linking CXX executable OpenAndroidUSM.HostageIntegrationTests
[123/128] Linking CXX executable OpenAndroidUSM.InputParityTests
[124/128] Building CXX object CMakeFiles/OpenAndroidUSM.InputTransitionsTests.dir/tests/InputTransitionsTests.cpp.o
[125/128] Creating library symlink _deps/zlib-build/libz.so.1 _deps/zlib-build/libz.so
[126/128] Linking CXX executable OpenAndroidUSM.InputTransitionsTests
[127/128] Building CXX object CMakeFiles/OpenAndroidUSM.CoreTests.dir/tests/SmokeTests.cpp.o
[128/128] Linking CXX executable OpenAndroidUSM.CoreTests
