[1/2] Building CXX object CMakeFiles/OpenAndroidUSM.CoreTests.dir/tests/SmokeTests.cpp.o
[2/2] Linking CXX executable OpenAndroidUSM.CoreTests
Internal ctest changing into directory: /mnt/data/re05/OpenAndroidUSM/build/re05-baseline
Test project /mnt/data/re05/OpenAndroidUSM/build/re05-baseline
      Start  1: OpenAndroidUSM.CoreTests
 1/23 Test  #1: OpenAndroidUSM.CoreTests ..........................   Passed   13.48 sec
      Start  2: OpenAndroidUSM.QteParity.clock
 2/23 Test  #2: OpenAndroidUSM.QteParity.clock ....................   Passed    0.00 sec
      Start  3: OpenAndroidUSM.QteParity.cinematic
 3/23 Test  #3: OpenAndroidUSM.QteParity.cinematic ................   Passed    2.19 sec
      Start  4: OpenAndroidUSM.QteParity.hostage
 4/23 Test  #4: OpenAndroidUSM.QteParity.hostage ..................   Passed    2.71 sec
      Start  5: OpenAndroidUSM.QteParity.attributes
 5/23 Test  #5: OpenAndroidUSM.QteParity.attributes ...............   Passed    0.01 sec
      Start  6: OpenAndroidUSM.QteParity.gesture
 6/23 Test  #6: OpenAndroidUSM.QteParity.gesture ..................   Passed    2.57 sec
      Start  7: OpenAndroidUSM.QteParity.sprite
 7/23 Test  #7: OpenAndroidUSM.QteParity.sprite ...................   Passed    2.73 sec
      Start  8: OpenAndroidUSM.QteParity.sequence
 8/23 Test  #8: OpenAndroidUSM.QteParity.sequence .................   Passed    2.59 sec
      Start  9: OpenAndroidUSM.QteParity.gamepad
 9/23 Test  #9: OpenAndroidUSM.QteParity.gamepad ..................   Passed    2.06 sec
      Start 10: OpenAndroidUSM.QteParity.audio
10/23 Test #10: OpenAndroidUSM.QteParity.audio ....................   Passed    1.97 sec
      Start 11: OpenAndroidUSM.QteParity.first_level
11/23 Test #11: OpenAndroidUSM.QteParity.first_level ..............   Passed    1.96 sec
      Start 12: OpenAndroidUSM.QteParity.controller_boundaries
12/23 Test #12: OpenAndroidUSM.QteParity.controller_boundaries ....   Passed    1.94 sec
      Start 13: OpenAndroidUSM.QteParity.controller_first_level
13/23 Test #13: OpenAndroidUSM.QteParity.controller_first_level ...   Passed    1.91 sec
      Start 14: OpenAndroidUSM.QteParity.feedback
14/23 Test #14: OpenAndroidUSM.QteParity.feedback .................   Passed    1.98 sec
      Start 15: OpenAndroidUSM.QteParity.shared_manager
15/23 Test #15: OpenAndroidUSM.QteParity.shared_manager ...........   Passed    1.89 sec
      Start 16: OpenAndroidUSM.QteParity.consumption
16/23 Test #16: OpenAndroidUSM.QteParity.consumption ..............   Passed    1.87 sec
      Start 17: OpenAndroidUSM.QteParity.handoff
17/23 Test #17: OpenAndroidUSM.QteParity.handoff ..................   Passed    1.93 sec
      Start 18: OpenAndroidUSM.InputParity.buttons
18/23 Test #18: OpenAndroidUSM.InputParity.buttons ................   Passed    0.00 sec
      Start 19: OpenAndroidUSM.InputParity.routing
19/23 Test #19: OpenAndroidUSM.InputParity.routing ................   Passed    0.00 sec
      Start 20: OpenAndroidUSM.InputParity.sticks
20/23 Test #20: OpenAndroidUSM.InputParity.sticks .................   Passed    0.00 sec
      Start 21: OpenAndroidUSM.InputParity.hostage
21/23 Test #21: OpenAndroidUSM.InputParity.hostage ................   Passed    2.03 sec
      Start 22: OpenAndroidUSM.InputParity.autoplay
22/23 Test #22: OpenAndroidUSM.InputParity.autoplay ...............   Passed    0.00 sec
      Start 23: OpenAndroidUSM.InputParity.transitions
23/23 Test #23: OpenAndroidUSM.InputParity.transitions ............   Passed    0.02 sec

100% tests passed, 0 tests failed out of 23

Label Time Summary:
input-parity    =   2.06 sec*proc (6 tests)
qte-parity      =  30.32 sec*proc (16 tests)

Total Test time (real) =  45.88 sec
