[1/125] Building C object _deps/zlib-build/CMakeFiles/zlibstatic.dir/adler32.c.o
[2/125] Building C object _deps/zlib-build/CMakeFiles/zlibstatic.dir/compress.c.o
[3/125] Building C object _deps/zlib-build/CMakeFiles/zlibstatic.dir/crc32.c.o
[4/125] Building CXX object CMakeFiles/OpenAndroidUSM.PVRTC.dir/_deps/powervr-decompress/PVRTDecompress.cpp.o
[5/125] Building C object _deps/zlib-build/CMakeFiles/zlibstatic.dir/gzclose.c.o
[6/125] Building C object _deps/zlib-build/CMakeFiles/zlibstatic.dir/gzlib.c.o
[7/125] Building C object _deps/zlib-build/CMakeFiles/zlibstatic.dir/gzread.c.o
[8/125] Building C object _deps/zlib-build/CMakeFiles/zlibstatic.dir/gzwrite.c.o
[9/125] Building C object _deps/zlib-build/CMakeFiles/zlibstatic.dir/deflate.c.o
[10/125] Building C object _deps/zlib-build/CMakeFiles/zlibstatic.dir/infback.c.o
[11/125] Building C object _deps/zlib-build/CMakeFiles/zlibstatic.dir/inftrees.c.o
[12/125] Building C object _deps/zlib-build/CMakeFiles/zlibstatic.dir/inflate.c.o
[13/125] Building C object _deps/zlib-build/CMakeFiles/zlibstatic.dir/inffast.c.o
[14/125] Building C object _deps/zlib-build/CMakeFiles/zlibstatic.dir/uncompr.c.o
[15/125] Building C object _deps/zlib-build/CMakeFiles/zlibstatic.dir/zutil.c.o
[16/125] Building CXX object CMakeFiles/OpenAndroidUSM.Vorbis.dir/_deps/stb-vorbis/stb_vorbis.c.o
[17/125] Building C object _deps/zlib-build/CMakeFiles/zlibstatic.dir/trees.c.o
[18/125] Linking CXX static library libOpenAndroidUSM.PVRTC.a
[19/125] Linking CXX static library libOpenAndroidUSM.Vorbis.a
[20/125] Building CXX object CMakeFiles/OpenAndroidUSM.Core.dir/src/audio/EnemyBehaviorSoundBank.cpp.o
[21/125] Building CXX object CMakeFiles/OpenAndroidUSM.Core.dir/src/audio/CinematicSoundBank.cpp.o
[22/125] Building CXX object CMakeFiles/OpenAndroidUSM.Core.dir/src/audio/OggAudio.cpp.o
[23/125] Building CXX object CMakeFiles/OpenAndroidUSM.Core.dir/src/audio/LevelMusicBank.cpp.o
[24/125] Building CXX object CMakeFiles/OpenAndroidUSM.Core.dir/src/audio/PlayerStateSoundBank.cpp.o
[25/125] Building CXX object CMakeFiles/OpenAndroidUSM.Core.dir/src/audio/SpatialSound.cpp.o
[26/125] Building CXX object CMakeFiles/OpenAndroidUSM.Core.dir/src/audio/SoundEventCatalog.cpp.o
[27/125] Building CXX object CMakeFiles/OpenAndroidUSM.Core.dir/src/audio/VoxSoundTable.cpp.o
[28/125] Building CXX object CMakeFiles/OpenAndroidUSM.Core.dir/src/assets/BresFile.cpp.o
[29/125] Building CXX object CMakeFiles/OpenAndroidUSM.Core.dir/src/assets/AnimationDisplacement.cpp.o
[30/125] Building CXX object _deps/pugixml-build/CMakeFiles/pugixml-static.dir/src/pugixml.cpp.o
[31/125] Building CXX object CMakeFiles/OpenAndroidUSM.Core.dir/src/assets/BtexTexture.cpp.o
[32/125] Building CXX object CMakeFiles/OpenAndroidUSM.Core.dir/src/assets/DdsAtcTexture.cpp.o
[33/125] Building CXX object CMakeFiles/OpenAndroidUSM.Core.dir/src/assets/ColladaAnimation.cpp.o
[34/125] Building CXX object CMakeFiles/OpenAndroidUSM.Core.dir/src/assets/ColladaSkinning.cpp.o
[35/125] Building CXX object CMakeFiles/OpenAndroidUSM.Core.dir/src/assets/IrrScene.cpp.o
[36/125] Building CXX object CMakeFiles/OpenAndroidUSM.Core.dir/src/assets/TgaTexture.cpp.o
[37/125] Building CXX object CMakeFiles/OpenAndroidUSM.Core.dir/src/assets/SpriteAtlas.cpp.o
[38/125] Building CXX object CMakeFiles/OpenAndroidUSM.Core.dir/src/assets/ColladaMesh.cpp.o
[39/125] Building CXX object CMakeFiles/OpenAndroidUSM.Core.dir/src/game/CinematicScript.cpp.o
[40/125] Building CXX object CMakeFiles/OpenAndroidUSM.Core.dir/src/filesystem/GbmpArchive.cpp.o
[41/125] Building CXX object CMakeFiles/OpenAndroidUSM.Core.dir/src/game/AttackConfig.cpp.o
[42/125] Building CXX object CMakeFiles/OpenAndroidUSM.Core.dir/src/game/ButtonConfig.cpp.o
[43/125] Building CXX object CMakeFiles/OpenAndroidUSM.Core.dir/src/game/QuickTimeActionConfig.cpp.o
[44/125] Building CXX object CMakeFiles/OpenAndroidUSM.Core.dir/src/game/QuickTimeActionRuntime.cpp.o
[45/125] Building CXX object CMakeFiles/OpenAndroidUSM.Core.dir/src/game/CinematicCamera.cpp.o
[46/125] Building CXX object CMakeFiles/OpenAndroidUSM.Core.dir/src/game/CinematicPlayer.cpp.o
[47/125] Building CXX object CMakeFiles/OpenAndroidUSM.Core.dir/src/game/CinematicCameraTrack.cpp.o
[48/125] Building CXX object CMakeFiles/OpenAndroidUSM.Core.dir/src/game/DeathConfirmationRuntime.cpp.o
[49/125] Building CXX object CMakeFiles/OpenAndroidUSM.Core.dir/src/game/CinematicUiRuntime.cpp.o
[50/125] Building CXX object CMakeFiles/OpenAndroidUSM.Core.dir/src/game/ExitMenuRuntime.cpp.o
[51/125] Building CXX object CMakeFiles/OpenAndroidUSM.Core.dir/src/game/EnemyAttributeConfig.cpp.o
[52/125] Building CXX object CMakeFiles/OpenAndroidUSM.Core.dir/src/game/EnemyAttackIntervalConfig.cpp.o
[53/125] Building CXX object CMakeFiles/OpenAndroidUSM.Core.dir/src/game/EnemyBehaviorConfig.cpp.o
[54/125] Building CXX object CMakeFiles/OpenAndroidUSM.Core.dir/src/game/EnemyRangeAttackConfig.cpp.o
[55/125] Building CXX object CMakeFiles/OpenAndroidUSM.Core.dir/src/game/EffectBillboard.cpp.o
[56/125] Building CXX object CMakeFiles/OpenAndroidUSM.Core.dir/src/game/EnemySpecialActionConfig.cpp.o
[57/125] Building CXX object CMakeFiles/OpenAndroidUSM.Core.dir/src/game/GameplayCamera.cpp.o
[58/125] Building CXX object CMakeFiles/OpenAndroidUSM.Core.dir/src/game/EffectPreset.cpp.o
[59/125] Building CXX object CMakeFiles/OpenAndroidUSM.Core.dir/src/game/GameplayCinematicScheduler.cpp.o
[60/125] Building CXX object CMakeFiles/OpenAndroidUSM.Core.dir/src/game/LevelCheckPointRuntime.cpp.o
[61/125] Building CXX object CMakeFiles/OpenAndroidUSM.Core.dir/src/game/LevelCollision.cpp.o
[62/125] Building CXX object CMakeFiles/OpenAndroidUSM.Core.dir/src/game/LevelCinematicRuntime.cpp.o
[63/125] Building CXX object CMakeFiles/OpenAndroidUSM.Core.dir/src/game/LevelBonusRuntime.cpp.o
[64/125] Building CXX object CMakeFiles/OpenAndroidUSM.Core.dir/src/game/LevelDeathRuntime.cpp.o
[65/125] Building CXX object CMakeFiles/OpenAndroidUSM.Core.dir/src/game/GameplayPlayer.cpp.o
[66/125] Building CXX object CMakeFiles/OpenAndroidUSM.Core.dir/src/game/LevelDamageRuntime.cpp.o
[67/125] Building CXX object CMakeFiles/OpenAndroidUSM.Core.dir/src/game/LevelEffectRuntime.cpp.o
[68/125] Building CXX object CMakeFiles/OpenAndroidUSM.Core.dir/src/game/LevelDropRuntime.cpp.o
[69/125] Building CXX object CMakeFiles/OpenAndroidUSM.Core.dir/src/game/LevelHintRuntime.cpp.o
[70/125] Building CXX object CMakeFiles/OpenAndroidUSM.Core.dir/src/game/LevelHostageRuntime.cpp.o
[71/125] Building CXX object CMakeFiles/OpenAndroidUSM.Core.dir/src/game/NativeRandomizer.cpp.o
[72/125] Building CXX object CMakeFiles/OpenAndroidUSM.Core.dir/src/game/LevelMusicRuntime.cpp.o
[73/125] Building CXX object CMakeFiles/OpenAndroidUSM.Core.dir/src/game/LevelRestoreRuntime.cpp.o
[74/125] Building CXX object CMakeFiles/OpenAndroidUSM.Core.dir/src/game/LevelTriggerRuntime.cpp.o
[75/125] Building CXX object CMakeFiles/OpenAndroidUSM.Core.dir/src/game/LevelTriggerSoundRuntime.cpp.o
[76/125] Building CXX object CMakeFiles/OpenAndroidUSM.Core.dir/src/game/LevelObjectRuntime.cpp.o
[77/125] Building CXX object CMakeFiles/OpenAndroidUSM.Core.dir/src/game/LocalizedStringTable.cpp.o
[78/125] Building CXX object CMakeFiles/OpenAndroidUSM.Core.dir/src/game/LevelEnemyRuntime.cpp.o
[79/125] Building CXX object CMakeFiles/OpenAndroidUSM.Core.dir/src/game/PlayerHudHealthState.cpp.o
[80/125] Building CXX object CMakeFiles/OpenAndroidUSM.Core.dir/src/game/PlayerHitEffectConfig.cpp.o
[81/125] Building CXX object CMakeFiles/OpenAndroidUSM.Core.dir/src/game/LevelSlideRuntime.cpp.o
[82/125] Building CXX object CMakeFiles/OpenAndroidUSM.Core.dir/src/game/QteGesturePath.cpp.o
[83/125] Building CXX object CMakeFiles/OpenAndroidUSM.Core.dir/src/game/PlayerStateConfig.cpp.o
[84/125] Building CXX object CMakeFiles/OpenAndroidUSM.Core.dir/src/game/QteSpriteAnimation.cpp.o
[85/125] Building CXX object CMakeFiles/OpenAndroidUSM.Core.dir/src/game/QteFeedbackGeometry.cpp.o
[86/125] Building CXX object CMakeFiles/OpenAndroidUSM.Core.dir/src/game/QteCinematicHandoff.cpp.o
[87/125] Building CXX object CMakeFiles/OpenAndroidUSM.Core.dir/src/game/QuickTimeEventRuntime.cpp.o
[88/125] Building CXX object CMakeFiles/OpenAndroidUSM.Core.dir/src/game/WallWebRuntime.cpp.o
[89/125] Building CXX object CMakeFiles/OpenAndroidUSM.Core.dir/src/game/WebGrabPointRuntime.cpp.o
[90/125] Building CXX object CMakeFiles/OpenAndroidUSM.Core.dir/src/game/WebLineGeometry.cpp.o
[91/125] Building CXX object CMakeFiles/OpenAndroidUSM.Core.dir/src/game/WebSwingRuntime.cpp.o
[92/125] Building CXX object CMakeFiles/OpenAndroidUSM.Core.dir/src/reconstructed/input/XperiaKeyRouter.cpp.o
[93/125] Building CXX object CMakeFiles/OpenAndroidUSM.Core.dir/src/platform/input/XInputStateTranslator.cpp.o
[94/125] Building C object _deps/zlib-build/CMakeFiles/zlib.dir/adler32.c.o
[95/125] Building C object _deps/zlib-build/CMakeFiles/zlib.dir/compress.c.o
[96/125] Building C object _deps/zlib-build/CMakeFiles/zlib.dir/crc32.c.o
[97/125] Building C object _deps/zlib-build/CMakeFiles/zlib.dir/deflate.c.o
[98/125] Building C object _deps/zlib-build/CMakeFiles/zlib.dir/gzclose.c.o
[99/125] Building CXX object CMakeFiles/OpenAndroidUSM.Core.dir/src/game/LevelOneBootstrap.cpp.o
[100/125] Building C object _deps/zlib-build/CMakeFiles/zlib.dir/gzlib.c.o
[101/125] Building C object _deps/zlib-build/CMakeFiles/zlib.dir/gzread.c.o
[102/125] Building C object _deps/zlib-build/CMakeFiles/zlib.dir/gzwrite.c.o
[103/125] Building C object _deps/zlib-build/CMakeFiles/zlib.dir/infback.c.o
[104/125] Building C object _deps/zlib-build/CMakeFiles/zlib.dir/inftrees.c.o
[105/125] Building C object _deps/zlib-build/CMakeFiles/zlib.dir/inffast.c.o
[106/125] Building C object _deps/zlib-build/CMakeFiles/zlib.dir/inflate.c.o
[107/125] Building C object _deps/zlib-build/CMakeFiles/zlib.dir/uncompr.c.o
[108/125] Building C object _deps/zlib-build/CMakeFiles/zlib.dir/zutil.c.o
[109/125] Linking C static library _deps/zlib-build/libz.a
[110/125] Linking CXX static library _deps/pugixml-build/libpugixml.a
[111/125] Building C object _deps/zlib-build/CMakeFiles/zlib.dir/trees.c.o
[112/125] Building CXX object CMakeFiles/OpenAndroidUSM.QteParityTests.dir/tests/QteParityTests.cpp.o
[113/125] Building CXX object CMakeFiles/OpenAndroidUSM.QteControlTests.dir/tests/QteControlTests.cpp.o
[114/125] Building CXX object CMakeFiles/OpenAndroidUSM.Core.dir/src/diagnostics/AutoplayHarness.cpp.o
[115/125] Linking CXX static library libOpenAndroidUSM.Core.a
[116/125] Building CXX object CMakeFiles/OpenAndroidUSM.InputTransitionsTests.dir/tests/InputTransitionsTests.cpp.o
[117/125] Linking C shared library _deps/zlib-build/libz.so.1.3.1
[118/125] Linking CXX executable OpenAndroidUSM.QteParityTests
[119/125] Linking CXX executable OpenAndroidUSM.QteControlTests
[120/125] Linking CXX executable OpenAndroidUSM.InputTransitionsTests
[121/125] Creating library symlink _deps/zlib-build/libz.so.1 _deps/zlib-build/libz.so
[122/125] Building CXX object CMakeFiles/OpenAndroidUSM.InputParityTests.dir/tests/InputParityTests.cpp.o
[123/125] Linking CXX executable OpenAndroidUSM.InputParityTests
[124/125] Building CXX object CMakeFiles/OpenAndroidUSM.CoreTests.dir/tests/SmokeTests.cpp.o
[125/125] Linking CXX executable OpenAndroidUSM.CoreTests
