[1/21] Building CXX object CMakeFiles/OpenAndroidUSM.Core.dir/src/audio/OggAudio.cpp.o
[2/21] Building CXX object CMakeFiles/OpenAndroidUSM.PVRTC.dir/_deps/powervr-decompress/PVRTDecompress.cpp.o
[3/21] Linking CXX static library libOpenAndroidUSM.PVRTC.a
[4/21] Building CXX object CMakeFiles/OpenAndroidUSM.Core.dir/src/assets/BtexTexture.cpp.o
[5/21] Building CXX object CMakeFiles/OpenAndroidUSM.Core.dir/src/game/GameplayCinematicScheduler.cpp.o
[6/21] Building CXX object CMakeFiles/OpenAndroidUSM.Core.dir/src/game/LevelHostageRuntime.cpp.o
[7/21] Building CXX object CMakeFiles/OpenAndroidUSM.Vorbis.dir/_deps/stb-vorbis/stb_vorbis.c.o
[8/21] Linking CXX static library libOpenAndroidUSM.Vorbis.a
[9/21] Building CXX object CMakeFiles/OpenAndroidUSM.Core.dir/src/game/QuickTimeEventRuntime.cpp.o
[10/21] Building CXX object CMakeFiles/OpenAndroidUSM.Core.dir/src/reconstructed/input/XperiaKeyRouter.cpp.o
[11/21] Building CXX object CMakeFiles/OpenAndroidUSM.Core.dir/src/game/QteCinematicHandoff.cpp.o
[12/21] Building CXX object CMakeFiles/OpenAndroidUSM.QteParityTests.dir/tests/QteParityTests.cpp.o
[13/21] Building CXX object CMakeFiles/OpenAndroidUSM.Core.dir/src/diagnostics/AutoplayHarness.cpp.o
[14/21] Linking CXX static library libOpenAndroidUSM.Core.a
[15/21] Building CXX object CMakeFiles/OpenAndroidUSM.InputTransitionsTests.dir/tests/InputTransitionsTests.cpp.o
[16/21] Linking CXX executable OpenAndroidUSM.QteParityTests
[17/21] Linking CXX executable OpenAndroidUSM.InputTransitionsTests
[18/21] Building CXX object CMakeFiles/OpenAndroidUSM.InputParityTests.dir/tests/InputParityTests.cpp.o
[19/21] Linking CXX executable OpenAndroidUSM.InputParityTests
[20/21] Building CXX object CMakeFiles/OpenAndroidUSM.CoreTests.dir/tests/SmokeTests.cpp.o
[21/21] Linking CXX executable OpenAndroidUSM.CoreTests
