[1/123] Building C object _deps/zlib-build/CMakeFiles/zlibstatic.dir/adler32.c.o
[2/123] Building C object _deps/zlib-build/CMakeFiles/zlibstatic.dir/compress.c.o
[3/123] Building C object _deps/zlib-build/CMakeFiles/zlibstatic.dir/crc32.c.o
[4/123] Building CXX object CMakeFiles/OpenAndroidUSM.PVRTC.dir/_deps/powervr-decompress/PVRTDecompress.cpp.o
[5/123] Building C object _deps/zlib-build/CMakeFiles/zlibstatic.dir/gzclose.c.o
[6/123] Building C object _deps/zlib-build/CMakeFiles/zlibstatic.dir/gzlib.c.o
[7/123] Building C object _deps/zlib-build/CMakeFiles/zlibstatic.dir/gzread.c.o
[8/123] Building C object _deps/zlib-build/CMakeFiles/zlibstatic.dir/gzwrite.c.o
[9/123] Building C object _deps/zlib-build/CMakeFiles/zlibstatic.dir/deflate.c.o
[10/123] Building C object _deps/zlib-build/CMakeFiles/zlibstatic.dir/infback.c.o
[11/123] Building C object _deps/zlib-build/CMakeFiles/zlibstatic.dir/inftrees.c.o
[12/123] Building C object _deps/zlib-build/CMakeFiles/zlibstatic.dir/inflate.c.o
[13/123] Building C object _deps/zlib-build/CMakeFiles/zlibstatic.dir/inffast.c.o
[14/123] Building C object _deps/zlib-build/CMakeFiles/zlibstatic.dir/uncompr.c.o
[15/123] Building C object _deps/zlib-build/CMakeFiles/zlibstatic.dir/zutil.c.o
[16/123] Building CXX object CMakeFiles/OpenAndroidUSM.Vorbis.dir/_deps/stb-vorbis/stb_vorbis.c.o
[17/123] Building C object _deps/zlib-build/CMakeFiles/zlibstatic.dir/trees.c.o
[18/123] Linking CXX static library libOpenAndroidUSM.PVRTC.a
[19/123] Linking CXX static library libOpenAndroidUSM.Vorbis.a
[20/123] Building CXX object CMakeFiles/OpenAndroidUSM.Core.dir/src/audio/CinematicSoundBank.cpp.o
[21/123] Building CXX object CMakeFiles/OpenAndroidUSM.Core.dir/src/audio/EnemyBehaviorSoundBank.cpp.o
[22/123] Building CXX object CMakeFiles/OpenAndroidUSM.Core.dir/src/audio/OggAudio.cpp.o
[23/123] Building CXX object CMakeFiles/OpenAndroidUSM.Core.dir/src/audio/LevelMusicBank.cpp.o
[24/123] Building CXX object CMakeFiles/OpenAndroidUSM.Core.dir/src/audio/PlayerStateSoundBank.cpp.o
[25/123] Building CXX object CMakeFiles/OpenAndroidUSM.Core.dir/src/audio/SpatialSound.cpp.o
[26/123] Building CXX object CMakeFiles/OpenAndroidUSM.Core.dir/src/audio/SoundEventCatalog.cpp.o
[27/123] Building CXX object CMakeFiles/OpenAndroidUSM.Core.dir/src/audio/VoxSoundTable.cpp.o
[28/123] Building CXX object _deps/pugixml-build/CMakeFiles/pugixml-static.dir/src/pugixml.cpp.o
[29/123] Building CXX object CMakeFiles/OpenAndroidUSM.Core.dir/src/assets/BresFile.cpp.o
[30/123] Building CXX object CMakeFiles/OpenAndroidUSM.Core.dir/src/assets/BtexTexture.cpp.o
[31/123] Building CXX object CMakeFiles/OpenAndroidUSM.Core.dir/src/assets/AnimationDisplacement.cpp.o
[32/123] Building CXX object CMakeFiles/OpenAndroidUSM.Core.dir/src/assets/DdsAtcTexture.cpp.o
[33/123] Building CXX object CMakeFiles/OpenAndroidUSM.Core.dir/src/assets/ColladaAnimation.cpp.o
[34/123] Building CXX object CMakeFiles/OpenAndroidUSM.Core.dir/src/assets/ColladaSkinning.cpp.o
[35/123] Building CXX object CMakeFiles/OpenAndroidUSM.Core.dir/src/assets/IrrScene.cpp.o
[36/123] Building CXX object CMakeFiles/OpenAndroidUSM.Core.dir/src/assets/SpriteAtlas.cpp.o
[37/123] Building CXX object CMakeFiles/OpenAndroidUSM.Core.dir/src/assets/TgaTexture.cpp.o
[38/123] Building CXX object CMakeFiles/OpenAndroidUSM.Core.dir/src/game/CinematicScript.cpp.o
[39/123] Building CXX object CMakeFiles/OpenAndroidUSM.Core.dir/src/filesystem/GbmpArchive.cpp.o
[40/123] Building CXX object CMakeFiles/OpenAndroidUSM.Core.dir/src/assets/ColladaMesh.cpp.o
[41/123] Building CXX object CMakeFiles/OpenAndroidUSM.Core.dir/src/game/AttackConfig.cpp.o
[42/123] Building CXX object CMakeFiles/OpenAndroidUSM.Core.dir/src/game/ButtonConfig.cpp.o
[43/123] Building CXX object CMakeFiles/OpenAndroidUSM.Core.dir/src/game/QuickTimeActionConfig.cpp.o
[44/123] Building CXX object CMakeFiles/OpenAndroidUSM.Core.dir/src/game/QuickTimeActionRuntime.cpp.o
[45/123] Building CXX object CMakeFiles/OpenAndroidUSM.Core.dir/src/game/CinematicCamera.cpp.o
[46/123] Building CXX object CMakeFiles/OpenAndroidUSM.Core.dir/src/game/CinematicPlayer.cpp.o
[47/123] Building CXX object CMakeFiles/OpenAndroidUSM.Core.dir/src/game/CinematicCameraTrack.cpp.o
[48/123] Building CXX object CMakeFiles/OpenAndroidUSM.Core.dir/src/game/DeathConfirmationRuntime.cpp.o
[49/123] Building CXX object CMakeFiles/OpenAndroidUSM.Core.dir/src/game/CinematicUiRuntime.cpp.o
[50/123] Building CXX object CMakeFiles/OpenAndroidUSM.Core.dir/src/game/ExitMenuRuntime.cpp.o
[51/123] Building CXX object CMakeFiles/OpenAndroidUSM.Core.dir/src/game/EnemyAttackIntervalConfig.cpp.o
[52/123] Building CXX object CMakeFiles/OpenAndroidUSM.Core.dir/src/game/EnemyAttributeConfig.cpp.o
[53/123] Building CXX object CMakeFiles/OpenAndroidUSM.Core.dir/src/game/EnemyBehaviorConfig.cpp.o
[54/123] Building CXX object CMakeFiles/OpenAndroidUSM.Core.dir/src/game/EnemyRangeAttackConfig.cpp.o
[55/123] Building CXX object CMakeFiles/OpenAndroidUSM.Core.dir/src/game/EffectBillboard.cpp.o
[56/123] Building CXX object CMakeFiles/OpenAndroidUSM.Core.dir/src/game/EnemySpecialActionConfig.cpp.o
[57/123] Building CXX object CMakeFiles/OpenAndroidUSM.Core.dir/src/game/GameplayCamera.cpp.o
[58/123] Building CXX object CMakeFiles/OpenAndroidUSM.Core.dir/src/game/EffectPreset.cpp.o
[59/123] Building CXX object CMakeFiles/OpenAndroidUSM.Core.dir/src/game/GameplayCinematicScheduler.cpp.o
[60/123] Building CXX object CMakeFiles/OpenAndroidUSM.Core.dir/src/game/LevelCheckPointRuntime.cpp.o
[61/123] Building CXX object CMakeFiles/OpenAndroidUSM.Core.dir/src/game/LevelCollision.cpp.o
[62/123] Building CXX object CMakeFiles/OpenAndroidUSM.Core.dir/src/game/LevelCinematicRuntime.cpp.o
[63/123] Building CXX object CMakeFiles/OpenAndroidUSM.Core.dir/src/game/GameplayPlayer.cpp.o
[64/123] Building CXX object CMakeFiles/OpenAndroidUSM.Core.dir/src/game/LevelBonusRuntime.cpp.o
[65/123] Building CXX object CMakeFiles/OpenAndroidUSM.Core.dir/src/game/LevelDeathRuntime.cpp.o
[66/123] Building CXX object CMakeFiles/OpenAndroidUSM.Core.dir/src/game/LevelDamageRuntime.cpp.o
[67/123] Building CXX object CMakeFiles/OpenAndroidUSM.Core.dir/src/game/LevelDropRuntime.cpp.o
[68/123] Building CXX object CMakeFiles/OpenAndroidUSM.Core.dir/src/game/LevelEffectRuntime.cpp.o
[69/123] Building CXX object CMakeFiles/OpenAndroidUSM.Core.dir/src/game/LevelHintRuntime.cpp.o
[70/123] Building CXX object CMakeFiles/OpenAndroidUSM.Core.dir/src/game/LevelMusicRuntime.cpp.o
[71/123] Building CXX object CMakeFiles/OpenAndroidUSM.Core.dir/src/game/NativeRandomizer.cpp.o
[72/123] Building CXX object CMakeFiles/OpenAndroidUSM.Core.dir/src/game/LevelHostageRuntime.cpp.o
[73/123] Building CXX object CMakeFiles/OpenAndroidUSM.Core.dir/src/game/LevelRestoreRuntime.cpp.o
[74/123] Building CXX object CMakeFiles/OpenAndroidUSM.Core.dir/src/game/LevelTriggerRuntime.cpp.o
[75/123] Building CXX object CMakeFiles/OpenAndroidUSM.Core.dir/src/game/LevelObjectRuntime.cpp.o
[76/123] Building CXX object CMakeFiles/OpenAndroidUSM.Core.dir/src/game/LevelTriggerSoundRuntime.cpp.o
[77/123] Building CXX object CMakeFiles/OpenAndroidUSM.Core.dir/src/game/LocalizedStringTable.cpp.o
[78/123] Building CXX object CMakeFiles/OpenAndroidUSM.Core.dir/src/game/LevelEnemyRuntime.cpp.o
[79/123] Building CXX object CMakeFiles/OpenAndroidUSM.Core.dir/src/game/PlayerHudHealthState.cpp.o
[80/123] Building CXX object CMakeFiles/OpenAndroidUSM.Core.dir/src/game/PlayerHitEffectConfig.cpp.o
[81/123] Building CXX object CMakeFiles/OpenAndroidUSM.Core.dir/src/game/LevelSlideRuntime.cpp.o
[82/123] Building CXX object CMakeFiles/OpenAndroidUSM.Core.dir/src/game/QteGesturePath.cpp.o
[83/123] Building CXX object CMakeFiles/OpenAndroidUSM.Core.dir/src/game/PlayerStateConfig.cpp.o
[84/123] Building CXX object CMakeFiles/OpenAndroidUSM.Core.dir/src/game/QteSpriteAnimation.cpp.o
[85/123] Building CXX object CMakeFiles/OpenAndroidUSM.Core.dir/src/game/QteFeedbackGeometry.cpp.o
[86/123] Building CXX object CMakeFiles/OpenAndroidUSM.Core.dir/src/game/QteCinematicHandoff.cpp.o
[87/123] Building CXX object CMakeFiles/OpenAndroidUSM.Core.dir/src/game/QuickTimeEventRuntime.cpp.o
[88/123] Building CXX object CMakeFiles/OpenAndroidUSM.Core.dir/src/game/WallWebRuntime.cpp.o
[89/123] Building CXX object CMakeFiles/OpenAndroidUSM.Core.dir/src/game/WebGrabPointRuntime.cpp.o
[90/123] Building CXX object CMakeFiles/OpenAndroidUSM.Core.dir/src/game/WebLineGeometry.cpp.o
[91/123] Building CXX object CMakeFiles/OpenAndroidUSM.Core.dir/src/game/WebSwingRuntime.cpp.o
[92/123] Building CXX object CMakeFiles/OpenAndroidUSM.Core.dir/src/reconstructed/input/XperiaKeyRouter.cpp.o
[93/123] Building CXX object CMakeFiles/OpenAndroidUSM.Core.dir/src/platform/input/XInputStateTranslator.cpp.o
[94/123] Building C object _deps/zlib-build/CMakeFiles/zlib.dir/adler32.c.o
[95/123] Building C object _deps/zlib-build/CMakeFiles/zlib.dir/compress.c.o
[96/123] Building C object _deps/zlib-build/CMakeFiles/zlib.dir/crc32.c.o
[97/123] Building C object _deps/zlib-build/CMakeFiles/zlib.dir/deflate.c.o
[98/123] Building C object _deps/zlib-build/CMakeFiles/zlib.dir/gzclose.c.o
[99/123] Building C object _deps/zlib-build/CMakeFiles/zlib.dir/gzlib.c.o
[100/123] Building CXX object CMakeFiles/OpenAndroidUSM.Core.dir/src/game/LevelOneBootstrap.cpp.o
[101/123] Building C object _deps/zlib-build/CMakeFiles/zlib.dir/gzread.c.o
[102/123] Building C object _deps/zlib-build/CMakeFiles/zlib.dir/gzwrite.c.o
[103/123] Building C object _deps/zlib-build/CMakeFiles/zlib.dir/infback.c.o
[104/123] Building C object _deps/zlib-build/CMakeFiles/zlib.dir/inftrees.c.o
[105/123] Building C object _deps/zlib-build/CMakeFiles/zlib.dir/inffast.c.o
[106/123] Building C object _deps/zlib-build/CMakeFiles/zlib.dir/inflate.c.o
[107/123] Building C object _deps/zlib-build/CMakeFiles/zlib.dir/uncompr.c.o
[108/123] Building C object _deps/zlib-build/CMakeFiles/zlib.dir/zutil.c.o
[109/123] Linking C static library _deps/zlib-build/libz.a
[110/123] Linking CXX static library _deps/pugixml-build/libpugixml.a
[111/123] Building C object _deps/zlib-build/CMakeFiles/zlib.dir/trees.c.o
[112/123] Building CXX object CMakeFiles/OpenAndroidUSM.QteParityTests.dir/tests/QteParityTests.cpp.o
[113/123] Building CXX object CMakeFiles/OpenAndroidUSM.Core.dir/src/diagnostics/AutoplayHarness.cpp.o
[114/123] Linking CXX static library libOpenAndroidUSM.Core.a
[115/123] Building CXX object CMakeFiles/OpenAndroidUSM.InputTransitionsTests.dir/tests/InputTransitionsTests.cpp.o
[116/123] Linking C shared library _deps/zlib-build/libz.so.1.3.1
[117/123] Linking CXX executable OpenAndroidUSM.QteParityTests
[118/123] Linking CXX executable OpenAndroidUSM.InputTransitionsTests
[119/123] Creating library symlink _deps/zlib-build/libz.so.1 _deps/zlib-build/libz.so
[120/123] Building CXX object CMakeFiles/OpenAndroidUSM.InputParityTests.dir/tests/InputParityTests.cpp.o
[121/123] Linking CXX executable OpenAndroidUSM.InputParityTests
[122/123] Building CXX object CMakeFiles/OpenAndroidUSM.CoreTests.dir/tests/SmokeTests.cpp.o
[123/123] Linking CXX executable OpenAndroidUSM.CoreTests
