[1/121] Building C object _deps/zlib-build/CMakeFiles/zlibstatic.dir/compress.c.o
[2/121] Building C object _deps/zlib-build/CMakeFiles/zlibstatic.dir/adler32.c.o
[3/121] Building C object _deps/zlib-build/CMakeFiles/zlibstatic.dir/crc32.c.o
[4/121] Building C object _deps/zlib-build/CMakeFiles/zlibstatic.dir/gzclose.c.o
[5/121] Building C object _deps/zlib-build/CMakeFiles/zlibstatic.dir/gzlib.c.o
[6/121] Building C object _deps/zlib-build/CMakeFiles/zlibstatic.dir/deflate.c.o
[7/121] Building C object _deps/zlib-build/CMakeFiles/zlibstatic.dir/gzread.c.o
[8/121] Building CXX object CMakeFiles/OpenAndroidUSM.PVRTC.dir/_deps/powervr-decompress/PVRTDecompress.cpp.o
[9/121] Building C object _deps/zlib-build/CMakeFiles/zlibstatic.dir/gzwrite.c.o
[10/121] Building C object _deps/zlib-build/CMakeFiles/zlibstatic.dir/infback.c.o
[11/121] Building C object _deps/zlib-build/CMakeFiles/zlibstatic.dir/inftrees.c.o
[12/121] Building C object _deps/zlib-build/CMakeFiles/zlibstatic.dir/inffast.c.o
[13/121] Building C object _deps/zlib-build/CMakeFiles/zlibstatic.dir/inflate.c.o
[14/121] Building C object _deps/zlib-build/CMakeFiles/zlibstatic.dir/uncompr.c.o
[15/121] Building C object _deps/zlib-build/CMakeFiles/zlibstatic.dir/zutil.c.o
[16/121] Linking CXX static library libOpenAndroidUSM.PVRTC.a
[17/121] Building C object _deps/zlib-build/CMakeFiles/zlibstatic.dir/trees.c.o
[18/121] Building CXX object CMakeFiles/OpenAndroidUSM.Vorbis.dir/_deps/stb-vorbis/stb_vorbis.c.o
[19/121] Linking CXX static library libOpenAndroidUSM.Vorbis.a
[20/121] Building CXX object CMakeFiles/OpenAndroidUSM.Core.dir/src/audio/CinematicSoundBank.cpp.o
[21/121] Building CXX object CMakeFiles/OpenAndroidUSM.Core.dir/src/audio/EnemyBehaviorSoundBank.cpp.o
[22/121] Building CXX object CMakeFiles/OpenAndroidUSM.Core.dir/src/audio/OggAudio.cpp.o
[23/121] Building CXX object CMakeFiles/OpenAndroidUSM.Core.dir/src/audio/LevelMusicBank.cpp.o
[24/121] Building CXX object CMakeFiles/OpenAndroidUSM.Core.dir/src/audio/PlayerStateSoundBank.cpp.o
[25/121] Building CXX object CMakeFiles/OpenAndroidUSM.Core.dir/src/audio/SpatialSound.cpp.o
[26/121] Building CXX object CMakeFiles/OpenAndroidUSM.Core.dir/src/audio/SoundEventCatalog.cpp.o
[27/121] Building CXX object CMakeFiles/OpenAndroidUSM.Core.dir/src/assets/BresFile.cpp.o
[28/121] Building CXX object CMakeFiles/OpenAndroidUSM.Core.dir/src/audio/VoxSoundTable.cpp.o
[29/121] Building CXX object CMakeFiles/OpenAndroidUSM.Core.dir/src/assets/AnimationDisplacement.cpp.o
[30/121] Building CXX object _deps/pugixml-build/CMakeFiles/pugixml-static.dir/src/pugixml.cpp.o
[31/121] Building CXX object CMakeFiles/OpenAndroidUSM.Core.dir/src/assets/BtexTexture.cpp.o
[32/121] Building CXX object CMakeFiles/OpenAndroidUSM.Core.dir/src/assets/DdsAtcTexture.cpp.o
[33/121] Building CXX object CMakeFiles/OpenAndroidUSM.Core.dir/src/assets/ColladaAnimation.cpp.o
[34/121] Building CXX object CMakeFiles/OpenAndroidUSM.Core.dir/src/assets/IrrScene.cpp.o
[35/121] Building CXX object CMakeFiles/OpenAndroidUSM.Core.dir/src/assets/TgaTexture.cpp.o
[36/121] Building CXX object CMakeFiles/OpenAndroidUSM.Core.dir/src/assets/ColladaSkinning.cpp.o
[37/121] Building CXX object CMakeFiles/OpenAndroidUSM.Core.dir/src/assets/SpriteAtlas.cpp.o
[38/121] Building CXX object CMakeFiles/OpenAndroidUSM.Core.dir/src/game/CinematicScript.cpp.o
[39/121] Building CXX object CMakeFiles/OpenAndroidUSM.Core.dir/src/filesystem/GbmpArchive.cpp.o
[40/121] Building CXX object CMakeFiles/OpenAndroidUSM.Core.dir/src/assets/ColladaMesh.cpp.o
[41/121] Building CXX object CMakeFiles/OpenAndroidUSM.Core.dir/src/game/AttackConfig.cpp.o
[42/121] Building CXX object CMakeFiles/OpenAndroidUSM.Core.dir/src/game/ButtonConfig.cpp.o
[43/121] Building CXX object CMakeFiles/OpenAndroidUSM.Core.dir/src/game/QuickTimeActionRuntime.cpp.o
[44/121] Building CXX object CMakeFiles/OpenAndroidUSM.Core.dir/src/game/CinematicPlayer.cpp.o
[45/121] Building CXX object CMakeFiles/OpenAndroidUSM.Core.dir/src/game/QuickTimeActionConfig.cpp.o
[46/121] Building CXX object CMakeFiles/OpenAndroidUSM.Core.dir/src/game/CinematicCamera.cpp.o
[47/121] Building CXX object CMakeFiles/OpenAndroidUSM.Core.dir/src/game/CinematicCameraTrack.cpp.o
[48/121] Building CXX object CMakeFiles/OpenAndroidUSM.Core.dir/src/game/DeathConfirmationRuntime.cpp.o
[49/121] Building CXX object CMakeFiles/OpenAndroidUSM.Core.dir/src/game/CinematicUiRuntime.cpp.o
[50/121] Building CXX object CMakeFiles/OpenAndroidUSM.Core.dir/src/game/ExitMenuRuntime.cpp.o
[51/121] Building CXX object CMakeFiles/OpenAndroidUSM.Core.dir/src/game/EnemyAttributeConfig.cpp.o
[52/121] Building CXX object CMakeFiles/OpenAndroidUSM.Core.dir/src/game/EnemyAttackIntervalConfig.cpp.o
[53/121] Building CXX object CMakeFiles/OpenAndroidUSM.Core.dir/src/game/EnemyRangeAttackConfig.cpp.o
[54/121] Building CXX object CMakeFiles/OpenAndroidUSM.Core.dir/src/game/EnemyBehaviorConfig.cpp.o
[55/121] Building CXX object CMakeFiles/OpenAndroidUSM.Core.dir/src/game/EffectBillboard.cpp.o
[56/121] Building CXX object CMakeFiles/OpenAndroidUSM.Core.dir/src/game/EnemySpecialActionConfig.cpp.o
[57/121] Building CXX object CMakeFiles/OpenAndroidUSM.Core.dir/src/game/GameplayCamera.cpp.o
[58/121] Building CXX object CMakeFiles/OpenAndroidUSM.Core.dir/src/game/EffectPreset.cpp.o
[59/121] Building CXX object CMakeFiles/OpenAndroidUSM.Core.dir/src/game/GameplayCinematicScheduler.cpp.o
[60/121] Building CXX object CMakeFiles/OpenAndroidUSM.Core.dir/src/game/LevelCheckPointRuntime.cpp.o
[61/121] Building CXX object CMakeFiles/OpenAndroidUSM.Core.dir/src/game/LevelCinematicRuntime.cpp.o
[62/121] Building CXX object CMakeFiles/OpenAndroidUSM.Core.dir/src/game/LevelCollision.cpp.o
[63/121] Building CXX object CMakeFiles/OpenAndroidUSM.Core.dir/src/game/LevelDeathRuntime.cpp.o
[64/121] Building CXX object CMakeFiles/OpenAndroidUSM.Core.dir/src/game/GameplayPlayer.cpp.o
[65/121] Building CXX object CMakeFiles/OpenAndroidUSM.Core.dir/src/game/LevelBonusRuntime.cpp.o
[66/121] Building CXX object CMakeFiles/OpenAndroidUSM.Core.dir/src/game/LevelDamageRuntime.cpp.o
[67/121] Building CXX object CMakeFiles/OpenAndroidUSM.Core.dir/src/game/LevelEffectRuntime.cpp.o
[68/121] Building CXX object CMakeFiles/OpenAndroidUSM.Core.dir/src/game/LevelDropRuntime.cpp.o
[69/121] Building CXX object CMakeFiles/OpenAndroidUSM.Core.dir/src/game/LevelHintRuntime.cpp.o
[70/121] Building CXX object CMakeFiles/OpenAndroidUSM.Core.dir/src/game/NativeRandomizer.cpp.o
[71/121] Building CXX object CMakeFiles/OpenAndroidUSM.Core.dir/src/game/LevelMusicRuntime.cpp.o
[72/121] Building CXX object CMakeFiles/OpenAndroidUSM.Core.dir/src/game/LevelHostageRuntime.cpp.o
[73/121] Building CXX object CMakeFiles/OpenAndroidUSM.Core.dir/src/game/LevelTriggerRuntime.cpp.o
[74/121] Building CXX object CMakeFiles/OpenAndroidUSM.Core.dir/src/game/LevelRestoreRuntime.cpp.o
[75/121] Building CXX object CMakeFiles/OpenAndroidUSM.Core.dir/src/game/LevelObjectRuntime.cpp.o
[76/121] Building CXX object CMakeFiles/OpenAndroidUSM.Core.dir/src/game/LevelTriggerSoundRuntime.cpp.o
[77/121] Building CXX object CMakeFiles/OpenAndroidUSM.Core.dir/src/game/LevelEnemyRuntime.cpp.o
[78/121] Building CXX object CMakeFiles/OpenAndroidUSM.Core.dir/src/game/PlayerHudHealthState.cpp.o
[79/121] Building CXX object CMakeFiles/OpenAndroidUSM.Core.dir/src/game/LocalizedStringTable.cpp.o
[80/121] Building CXX object CMakeFiles/OpenAndroidUSM.Core.dir/src/game/LevelSlideRuntime.cpp.o
[81/121] Building CXX object CMakeFiles/OpenAndroidUSM.Core.dir/src/game/PlayerHitEffectConfig.cpp.o
[82/121] Building CXX object CMakeFiles/OpenAndroidUSM.Core.dir/src/game/QteGesturePath.cpp.o
[83/121] Building CXX object CMakeFiles/OpenAndroidUSM.Core.dir/src/game/QteSpriteAnimation.cpp.o
[84/121] Building CXX object CMakeFiles/OpenAndroidUSM.Core.dir/src/game/PlayerStateConfig.cpp.o
[85/121] Building CXX object CMakeFiles/OpenAndroidUSM.Core.dir/src/game/QuickTimeEventRuntime.cpp.o
[86/121] Building CXX object CMakeFiles/OpenAndroidUSM.Core.dir/src/game/WallWebRuntime.cpp.o
[87/121] Building CXX object CMakeFiles/OpenAndroidUSM.Core.dir/src/game/WebGrabPointRuntime.cpp.o
[88/121] Building CXX object CMakeFiles/OpenAndroidUSM.Core.dir/src/game/WebLineGeometry.cpp.o
[89/121] Building CXX object CMakeFiles/OpenAndroidUSM.Core.dir/src/reconstructed/input/XperiaKeyRouter.cpp.o
[90/121] Building CXX object CMakeFiles/OpenAndroidUSM.Core.dir/src/platform/input/XInputStateTranslator.cpp.o
[91/121] Building C object _deps/zlib-build/CMakeFiles/zlib.dir/adler32.c.o
[92/121] Building CXX object CMakeFiles/OpenAndroidUSM.Core.dir/src/game/WebSwingRuntime.cpp.o
[93/121] Building C object _deps/zlib-build/CMakeFiles/zlib.dir/compress.c.o
[94/121] Building C object _deps/zlib-build/CMakeFiles/zlib.dir/crc32.c.o
[95/121] Building C object _deps/zlib-build/CMakeFiles/zlib.dir/gzclose.c.o
[96/121] Building C object _deps/zlib-build/CMakeFiles/zlib.dir/gzlib.c.o
[97/121] Building C object _deps/zlib-build/CMakeFiles/zlib.dir/gzread.c.o
[98/121] Building C object _deps/zlib-build/CMakeFiles/zlib.dir/deflate.c.o
[99/121] Building C object _deps/zlib-build/CMakeFiles/zlib.dir/gzwrite.c.o
[100/121] Building C object _deps/zlib-build/CMakeFiles/zlib.dir/infback.c.o
[101/121] Building C object _deps/zlib-build/CMakeFiles/zlib.dir/inflate.c.o
[102/121] Building C object _deps/zlib-build/CMakeFiles/zlib.dir/inftrees.c.o
[103/121] Building CXX object CMakeFiles/OpenAndroidUSM.Core.dir/src/game/LevelOneBootstrap.cpp.o
[104/121] Building C object _deps/zlib-build/CMakeFiles/zlib.dir/inffast.c.o
[105/121] Building C object _deps/zlib-build/CMakeFiles/zlib.dir/uncompr.c.o
[106/121] Building C object _deps/zlib-build/CMakeFiles/zlib.dir/zutil.c.o
[107/121] Linking CXX static library _deps/pugixml-build/libpugixml.a
[108/121] Linking C static library _deps/zlib-build/libz.a
[109/121] Building C object _deps/zlib-build/CMakeFiles/zlib.dir/trees.c.o
[110/121] Building CXX object CMakeFiles/OpenAndroidUSM.QteParityTests.dir/tests/QteParityTests.cpp.o
[111/121] Building CXX object CMakeFiles/OpenAndroidUSM.InputParityTests.dir/tests/InputParityTests.cpp.o
[112/121] Linking C shared library _deps/zlib-build/libz.so.1.3.1
[113/121] Building CXX object CMakeFiles/OpenAndroidUSM.InputTransitionsTests.dir/tests/InputTransitionsTests.cpp.o
[114/121] Creating library symlink _deps/zlib-build/libz.so.1 _deps/zlib-build/libz.so
[115/121] Building CXX object CMakeFiles/OpenAndroidUSM.Core.dir/src/diagnostics/AutoplayHarness.cpp.o
[116/121] Linking CXX static library libOpenAndroidUSM.Core.a
[117/121] Linking CXX executable OpenAndroidUSM.InputTransitionsTests
[118/121] Linking CXX executable OpenAndroidUSM.QteParityTests
[119/121] Linking CXX executable OpenAndroidUSM.InputParityTests
[120/121] Building CXX object CMakeFiles/OpenAndroidUSM.CoreTests.dir/tests/SmokeTests.cpp.o
[121/121] Linking CXX executable OpenAndroidUSM.CoreTests
