[1/122] Building CXX object CMakeFiles/OpenAndroidUSM.PVRTC.dir/_deps/powervr-decompress/PVRTDecompress.cpp.o
[2/122] Building C object _deps/zlib-build/CMakeFiles/zlibstatic.dir/adler32.c.o
[3/122] Building C object _deps/zlib-build/CMakeFiles/zlibstatic.dir/compress.c.o
[4/122] Building C object _deps/zlib-build/CMakeFiles/zlibstatic.dir/crc32.c.o
[5/122] Building C object _deps/zlib-build/CMakeFiles/zlibstatic.dir/deflate.c.o
[6/122] Building C object _deps/zlib-build/CMakeFiles/zlibstatic.dir/gzclose.c.o
[7/122] Building C object _deps/zlib-build/CMakeFiles/zlibstatic.dir/gzlib.c.o
[8/122] Building C object _deps/zlib-build/CMakeFiles/zlibstatic.dir/gzread.c.o
[9/122] Building CXX object CMakeFiles/OpenAndroidUSM.Vorbis.dir/_deps/stb-vorbis/stb_vorbis.c.o
[10/122] Building C object _deps/zlib-build/CMakeFiles/zlibstatic.dir/gzwrite.c.o
[11/122] Building C object _deps/zlib-build/CMakeFiles/zlibstatic.dir/infback.c.o
[12/122] Building C object _deps/zlib-build/CMakeFiles/zlibstatic.dir/inftrees.c.o
[13/122] Building C object _deps/zlib-build/CMakeFiles/zlibstatic.dir/inflate.c.o
[14/122] Building C object _deps/zlib-build/CMakeFiles/zlibstatic.dir/inffast.c.o
[15/122] Building C object _deps/zlib-build/CMakeFiles/zlibstatic.dir/uncompr.c.o
[16/122] Building C object _deps/zlib-build/CMakeFiles/zlibstatic.dir/zutil.c.o
[17/122] Building C object _deps/zlib-build/CMakeFiles/zlibstatic.dir/trees.c.o
[18/122] Linking CXX static library libOpenAndroidUSM.PVRTC.a
[19/122] Linking CXX static library libOpenAndroidUSM.Vorbis.a
[20/122] Building CXX object CMakeFiles/OpenAndroidUSM.Core.dir/src/audio/CinematicSoundBank.cpp.o
[21/122] Building CXX object CMakeFiles/OpenAndroidUSM.Core.dir/src/audio/EnemyBehaviorSoundBank.cpp.o
[22/122] Building CXX object CMakeFiles/OpenAndroidUSM.Core.dir/src/audio/LevelMusicBank.cpp.o
[23/122] Building CXX object _deps/pugixml-build/CMakeFiles/pugixml-static.dir/src/pugixml.cpp.o
[24/122] Building CXX object CMakeFiles/OpenAndroidUSM.Core.dir/src/audio/OggAudio.cpp.o
[25/122] Building CXX object CMakeFiles/OpenAndroidUSM.Core.dir/src/audio/PlayerStateSoundBank.cpp.o
[26/122] Building CXX object CMakeFiles/OpenAndroidUSM.Core.dir/src/audio/SoundEventCatalog.cpp.o
[27/122] Building CXX object CMakeFiles/OpenAndroidUSM.Core.dir/src/audio/SpatialSound.cpp.o
[28/122] Building CXX object CMakeFiles/OpenAndroidUSM.Core.dir/src/assets/BresFile.cpp.o
[29/122] Building CXX object CMakeFiles/OpenAndroidUSM.Core.dir/src/audio/VoxSoundTable.cpp.o
[30/122] Building CXX object CMakeFiles/OpenAndroidUSM.Core.dir/src/assets/AnimationDisplacement.cpp.o
[31/122] Building CXX object CMakeFiles/OpenAndroidUSM.Core.dir/src/assets/BtexTexture.cpp.o
[32/122] Building CXX object CMakeFiles/OpenAndroidUSM.Core.dir/src/assets/DdsAtcTexture.cpp.o
[33/122] Building CXX object CMakeFiles/OpenAndroidUSM.Core.dir/src/assets/ColladaAnimation.cpp.o
[34/122] Building CXX object CMakeFiles/OpenAndroidUSM.Core.dir/src/assets/ColladaMesh.cpp.o
[35/122] Building CXX object CMakeFiles/OpenAndroidUSM.Core.dir/src/assets/ColladaSkinning.cpp.o
[36/122] Building CXX object CMakeFiles/OpenAndroidUSM.Core.dir/src/assets/SpriteAtlas.cpp.o
[37/122] Building CXX object CMakeFiles/OpenAndroidUSM.Core.dir/src/assets/TgaTexture.cpp.o
[38/122] Building CXX object CMakeFiles/OpenAndroidUSM.Core.dir/src/assets/IrrScene.cpp.o
[39/122] Building CXX object CMakeFiles/OpenAndroidUSM.Core.dir/src/game/CinematicScript.cpp.o
[40/122] Building CXX object CMakeFiles/OpenAndroidUSM.Core.dir/src/filesystem/GbmpArchive.cpp.o
[41/122] Building CXX object CMakeFiles/OpenAndroidUSM.Core.dir/src/game/AttackConfig.cpp.o
[42/122] Building CXX object CMakeFiles/OpenAndroidUSM.Core.dir/src/game/ButtonConfig.cpp.o
[43/122] Building CXX object CMakeFiles/OpenAndroidUSM.Core.dir/src/game/QuickTimeActionConfig.cpp.o
[44/122] Building CXX object CMakeFiles/OpenAndroidUSM.Core.dir/src/game/QuickTimeActionRuntime.cpp.o
[45/122] Building CXX object CMakeFiles/OpenAndroidUSM.Core.dir/src/game/CinematicPlayer.cpp.o
[46/122] Building CXX object CMakeFiles/OpenAndroidUSM.Core.dir/src/game/CinematicCamera.cpp.o
[47/122] Building CXX object CMakeFiles/OpenAndroidUSM.Core.dir/src/game/CinematicCameraTrack.cpp.o
[48/122] Building CXX object CMakeFiles/OpenAndroidUSM.Core.dir/src/game/CinematicUiRuntime.cpp.o
[49/122] Building CXX object CMakeFiles/OpenAndroidUSM.Core.dir/src/game/DeathConfirmationRuntime.cpp.o
[50/122] Building CXX object CMakeFiles/OpenAndroidUSM.Core.dir/src/game/ExitMenuRuntime.cpp.o
[51/122] Building CXX object CMakeFiles/OpenAndroidUSM.Core.dir/src/game/EnemyAttributeConfig.cpp.o
[52/122] Building CXX object CMakeFiles/OpenAndroidUSM.Core.dir/src/game/EnemyBehaviorConfig.cpp.o
[53/122] Building CXX object CMakeFiles/OpenAndroidUSM.Core.dir/src/game/EnemyAttackIntervalConfig.cpp.o
[54/122] Building CXX object CMakeFiles/OpenAndroidUSM.Core.dir/src/game/EnemyRangeAttackConfig.cpp.o
[55/122] Building CXX object CMakeFiles/OpenAndroidUSM.Core.dir/src/game/EffectBillboard.cpp.o
[56/122] Building CXX object CMakeFiles/OpenAndroidUSM.Core.dir/src/game/EnemySpecialActionConfig.cpp.o
[57/122] Building CXX object CMakeFiles/OpenAndroidUSM.Core.dir/src/game/GameplayCamera.cpp.o
[58/122] Building CXX object CMakeFiles/OpenAndroidUSM.Core.dir/src/game/EffectPreset.cpp.o
[59/122] Building CXX object CMakeFiles/OpenAndroidUSM.Core.dir/src/game/GameplayCinematicScheduler.cpp.o
[60/122] Building CXX object CMakeFiles/OpenAndroidUSM.Core.dir/src/game/GameplayPlayer.cpp.o
[61/122] Building CXX object CMakeFiles/OpenAndroidUSM.Core.dir/src/game/LevelCollision.cpp.o
[62/122] Building CXX object CMakeFiles/OpenAndroidUSM.Core.dir/src/game/LevelCheckPointRuntime.cpp.o
[63/122] Building CXX object CMakeFiles/OpenAndroidUSM.Core.dir/src/game/LevelCinematicRuntime.cpp.o
[64/122] Building CXX object CMakeFiles/OpenAndroidUSM.Core.dir/src/game/LevelBonusRuntime.cpp.o
[65/122] Building CXX object CMakeFiles/OpenAndroidUSM.Core.dir/src/game/LevelDeathRuntime.cpp.o
[66/122] Building CXX object CMakeFiles/OpenAndroidUSM.Core.dir/src/game/LevelDamageRuntime.cpp.o
[67/122] Building CXX object CMakeFiles/OpenAndroidUSM.Core.dir/src/game/LevelEffectRuntime.cpp.o
[68/122] Building CXX object CMakeFiles/OpenAndroidUSM.Core.dir/src/game/LevelDropRuntime.cpp.o
[69/122] Building CXX object CMakeFiles/OpenAndroidUSM.Core.dir/src/game/LevelHintRuntime.cpp.o
[70/122] Building CXX object CMakeFiles/OpenAndroidUSM.Core.dir/src/game/LevelHostageRuntime.cpp.o
[71/122] Building CXX object CMakeFiles/OpenAndroidUSM.Core.dir/src/game/LevelEnemyRuntime.cpp.o
[72/122] Building CXX object CMakeFiles/OpenAndroidUSM.Core.dir/src/game/NativeRandomizer.cpp.o
[73/122] Building CXX object CMakeFiles/OpenAndroidUSM.Core.dir/src/game/LevelMusicRuntime.cpp.o
[74/122] Building CXX object CMakeFiles/OpenAndroidUSM.Core.dir/src/game/LevelRestoreRuntime.cpp.o
[75/122] Building CXX object CMakeFiles/OpenAndroidUSM.Core.dir/src/game/LevelObjectRuntime.cpp.o
[76/122] Building CXX object CMakeFiles/OpenAndroidUSM.Core.dir/src/game/LevelTriggerRuntime.cpp.o
[77/122] Building CXX object CMakeFiles/OpenAndroidUSM.Core.dir/src/game/LevelTriggerSoundRuntime.cpp.o
[78/122] Building CXX object CMakeFiles/OpenAndroidUSM.Core.dir/src/game/LocalizedStringTable.cpp.o
[79/122] Building CXX object CMakeFiles/OpenAndroidUSM.Core.dir/src/game/LevelSlideRuntime.cpp.o
[80/122] Building CXX object CMakeFiles/OpenAndroidUSM.Core.dir/src/game/PlayerHudHealthState.cpp.o
[81/122] Building CXX object CMakeFiles/OpenAndroidUSM.Core.dir/src/game/PlayerHitEffectConfig.cpp.o
[82/122] Building CXX object CMakeFiles/OpenAndroidUSM.Core.dir/src/game/PlayerStateConfig.cpp.o
[83/122] Building CXX object CMakeFiles/OpenAndroidUSM.Core.dir/src/game/QteGesturePath.cpp.o
[84/122] Building CXX object CMakeFiles/OpenAndroidUSM.Core.dir/src/game/LevelOneBootstrap.cpp.o
[85/122] Building CXX object CMakeFiles/OpenAndroidUSM.Core.dir/src/game/QteSpriteAnimation.cpp.o
[86/122] Building CXX object CMakeFiles/OpenAndroidUSM.Core.dir/src/game/QteFeedbackGeometry.cpp.o
[87/122] Building CXX object CMakeFiles/OpenAndroidUSM.Core.dir/src/game/QuickTimeEventRuntime.cpp.o
[88/122] Building CXX object CMakeFiles/OpenAndroidUSM.Core.dir/src/game/WallWebRuntime.cpp.o
[89/122] Building CXX object CMakeFiles/OpenAndroidUSM.Core.dir/src/game/WebLineGeometry.cpp.o
[90/122] Building CXX object CMakeFiles/OpenAndroidUSM.Core.dir/src/game/WebGrabPointRuntime.cpp.o
[91/122] Building CXX object CMakeFiles/OpenAndroidUSM.Core.dir/src/game/WebSwingRuntime.cpp.o
[92/122] Building CXX object CMakeFiles/OpenAndroidUSM.Core.dir/src/reconstructed/input/XperiaKeyRouter.cpp.o
[93/122] Building CXX object CMakeFiles/OpenAndroidUSM.Core.dir/src/platform/input/XInputStateTranslator.cpp.o
[94/122] Building C object _deps/zlib-build/CMakeFiles/zlib.dir/adler32.c.o
[95/122] Building C object _deps/zlib-build/CMakeFiles/zlib.dir/compress.c.o
[96/122] Building C object _deps/zlib-build/CMakeFiles/zlib.dir/crc32.c.o
[97/122] Building C object _deps/zlib-build/CMakeFiles/zlib.dir/deflate.c.o
[98/122] Building C object _deps/zlib-build/CMakeFiles/zlib.dir/gzclose.c.o
[99/122] Building C object _deps/zlib-build/CMakeFiles/zlib.dir/gzlib.c.o
[100/122] Building C object _deps/zlib-build/CMakeFiles/zlib.dir/gzread.c.o
[101/122] Building C object _deps/zlib-build/CMakeFiles/zlib.dir/gzwrite.c.o
[102/122] Building C object _deps/zlib-build/CMakeFiles/zlib.dir/inflate.c.o
[103/122] Building C object _deps/zlib-build/CMakeFiles/zlib.dir/infback.c.o
[104/122] Building C object _deps/zlib-build/CMakeFiles/zlib.dir/inftrees.c.o
[105/122] Building C object _deps/zlib-build/CMakeFiles/zlib.dir/inffast.c.o
[106/122] Building C object _deps/zlib-build/CMakeFiles/zlib.dir/trees.c.o
[107/122] Building C object _deps/zlib-build/CMakeFiles/zlib.dir/uncompr.c.o
[108/122] Building C object _deps/zlib-build/CMakeFiles/zlib.dir/zutil.c.o
[109/122] Linking C static library _deps/zlib-build/libz.a
[110/122] Linking CXX static library _deps/pugixml-build/libpugixml.a
[111/122] Building CXX object CMakeFiles/OpenAndroidUSM.Core.dir/src/diagnostics/AutoplayHarness.cpp.o
[112/122] Linking CXX static library libOpenAndroidUSM.Core.a
[113/122] Building CXX object CMakeFiles/OpenAndroidUSM.QteParityTests.dir/tests/QteParityTests.cpp.o
[114/122] Building CXX object CMakeFiles/OpenAndroidUSM.InputParityTests.dir/tests/InputParityTests.cpp.o
[115/122] Building CXX object CMakeFiles/OpenAndroidUSM.InputTransitionsTests.dir/tests/InputTransitionsTests.cpp.o
[116/122] Linking C shared library _deps/zlib-build/libz.so.1.3.1
[117/122] Linking CXX executable OpenAndroidUSM.QteParityTests
[118/122] Linking CXX executable OpenAndroidUSM.InputParityTests
[119/122] Linking CXX executable OpenAndroidUSM.InputTransitionsTests
[120/122] Creating library symlink _deps/zlib-build/libz.so.1 _deps/zlib-build/libz.so
[121/122] Building CXX object CMakeFiles/OpenAndroidUSM.CoreTests.dir/tests/SmokeTests.cpp.o
[122/122] Linking CXX executable OpenAndroidUSM.CoreTests
