[1/100] Building C object _deps/zlib-build/CMakeFiles/zlibstatic.dir/compress.c.o
[2/100] Building C object _deps/zlib-build/CMakeFiles/zlibstatic.dir/adler32.c.o
[3/100] Building C object _deps/zlib-build/CMakeFiles/zlibstatic.dir/gzclose.c.o
[4/100] Building C object _deps/zlib-build/CMakeFiles/zlibstatic.dir/gzlib.c.o
[5/100] Building C object _deps/zlib-build/CMakeFiles/zlibstatic.dir/crc32.c.o
[6/100] Building C object _deps/zlib-build/CMakeFiles/zlibstatic.dir/gzread.c.o
[7/100] Building C object _deps/zlib-build/CMakeFiles/zlibstatic.dir/gzwrite.c.o
[8/100] Building C object _deps/zlib-build/CMakeFiles/zlibstatic.dir/deflate.c.o
[9/100] Building C object _deps/zlib-build/CMakeFiles/zlibstatic.dir/inftrees.c.o
[10/100] Building C object _deps/zlib-build/CMakeFiles/zlibstatic.dir/inflate.c.o
[11/100] Building C object _deps/zlib-build/CMakeFiles/zlibstatic.dir/infback.c.o
[12/100] Building C object _deps/zlib-build/CMakeFiles/zlibstatic.dir/uncompr.c.o
[13/100] Building C object _deps/zlib-build/CMakeFiles/zlibstatic.dir/zutil.c.o
[14/100] Building C object _deps/zlib-build/CMakeFiles/zlibstatic.dir/trees.c.o
[15/100] Building C object _deps/zlib-build/CMakeFiles/zlibstatic.dir/inffast.c.o
[16/100] Building CXX object CMakeFiles/OpenAndroidUSM.PVRTC.dir/_deps/powervr-decompress/PVRTDecompress.cpp.o
[17/100] Linking CXX static library libOpenAndroidUSM.PVRTC.a
[18/100] Building CXX object CMakeFiles/OpenAndroidUSM.Core.dir/src/audio/OggAudio.cpp.o
[19/100] Building CXX object CMakeFiles/OpenAndroidUSM.Core.dir/src/audio/EnemyBehaviorSoundBank.cpp.o
[20/100] Building CXX object CMakeFiles/OpenAndroidUSM.Core.dir/src/audio/PlayerStateSoundBank.cpp.o
[21/100] Building CXX object CMakeFiles/OpenAndroidUSM.Vorbis.dir/_deps/stb-vorbis/stb_vorbis.c.o
[22/100] Linking CXX static library libOpenAndroidUSM.Vorbis.a
[23/100] Building CXX object CMakeFiles/OpenAndroidUSM.Core.dir/src/audio/CinematicSoundBank.cpp.o
[24/100] Building CXX object CMakeFiles/OpenAndroidUSM.Core.dir/src/audio/SpatialSound.cpp.o
[25/100] Building CXX object CMakeFiles/OpenAndroidUSM.Core.dir/src/audio/LevelMusicBank.cpp.o
[26/100] Building CXX object CMakeFiles/OpenAndroidUSM.Core.dir/src/assets/BresFile.cpp.o
[27/100] Building CXX object CMakeFiles/OpenAndroidUSM.Core.dir/src/audio/VoxSoundTable.cpp.o
[28/100] Building CXX object CMakeFiles/OpenAndroidUSM.Core.dir/src/audio/SoundEventCatalog.cpp.o
[29/100] Building CXX object CMakeFiles/OpenAndroidUSM.Core.dir/src/assets/BtexTexture.cpp.o
[30/100] Building CXX object CMakeFiles/OpenAndroidUSM.Core.dir/src/assets/AnimationDisplacement.cpp.o
[31/100] Building CXX object CMakeFiles/OpenAndroidUSM.Core.dir/src/assets/DdsAtcTexture.cpp.o
[32/100] Building CXX object CMakeFiles/OpenAndroidUSM.Core.dir/src/assets/SpriteAtlas.cpp.o
[33/100] Building CXX object CMakeFiles/OpenAndroidUSM.Core.dir/src/assets/IrrScene.cpp.o
[34/100] Building CXX object _deps/pugixml-build/CMakeFiles/pugixml-static.dir/src/pugixml.cpp.o
[35/100] Building CXX object CMakeFiles/OpenAndroidUSM.Core.dir/src/assets/TgaTexture.cpp.o
[36/100] Building CXX object CMakeFiles/OpenAndroidUSM.Core.dir/src/game/CinematicScript.cpp.o
[37/100] Building CXX object CMakeFiles/OpenAndroidUSM.Core.dir/src/filesystem/GbmpArchive.cpp.o
[38/100] Building CXX object CMakeFiles/OpenAndroidUSM.Core.dir/src/game/AttackConfig.cpp.o
[39/100] Building CXX object CMakeFiles/OpenAndroidUSM.Core.dir/src/game/ButtonConfig.cpp.o
[40/100] Building CXX object CMakeFiles/OpenAndroidUSM.Core.dir/src/game/QuickTimeActionConfig.cpp.o
[41/100] Building CXX object CMakeFiles/OpenAndroidUSM.Core.dir/src/assets/ColladaAnimation.cpp.o
[42/100] Building CXX object CMakeFiles/OpenAndroidUSM.Core.dir/src/game/QuickTimeActionRuntime.cpp.o
[43/100] Building CXX object CMakeFiles/OpenAndroidUSM.Core.dir/src/assets/ColladaSkinning.cpp.o
[44/100] Building CXX object CMakeFiles/OpenAndroidUSM.Core.dir/src/game/CinematicPlayer.cpp.o
[45/100] Building CXX object CMakeFiles/OpenAndroidUSM.Core.dir/src/assets/ColladaMesh.cpp.o
[46/100] Building CXX object CMakeFiles/OpenAndroidUSM.Core.dir/src/game/CinematicCameraTrack.cpp.o
[47/100] Building CXX object CMakeFiles/OpenAndroidUSM.Core.dir/src/game/CinematicCamera.cpp.o
[48/100] Building CXX object CMakeFiles/OpenAndroidUSM.Core.dir/src/game/DeathConfirmationRuntime.cpp.o
[49/100] Building CXX object CMakeFiles/OpenAndroidUSM.Core.dir/src/game/ExitMenuRuntime.cpp.o
[50/100] Building CXX object CMakeFiles/OpenAndroidUSM.Core.dir/src/game/EnemyAttackIntervalConfig.cpp.o
[51/100] Building CXX object CMakeFiles/OpenAndroidUSM.Core.dir/src/game/EnemyAttributeConfig.cpp.o
[52/100] Building CXX object CMakeFiles/OpenAndroidUSM.Core.dir/src/game/EnemyRangeAttackConfig.cpp.o
[53/100] Building CXX object CMakeFiles/OpenAndroidUSM.Core.dir/src/game/CinematicUiRuntime.cpp.o
[54/100] Building CXX object CMakeFiles/OpenAndroidUSM.Core.dir/src/game/EnemySpecialActionConfig.cpp.o
[55/100] Building CXX object CMakeFiles/OpenAndroidUSM.Core.dir/src/game/EffectBillboard.cpp.o
[56/100] Building CXX object CMakeFiles/OpenAndroidUSM.Core.dir/src/game/EffectPreset.cpp.o
[57/100] Building CXX object CMakeFiles/OpenAndroidUSM.Core.dir/src/game/EnemyBehaviorConfig.cpp.o
[58/100] Building CXX object CMakeFiles/OpenAndroidUSM.Core.dir/src/game/GameplayCamera.cpp.o
[59/100] Building CXX object CMakeFiles/OpenAndroidUSM.Core.dir/src/game/GameplayCinematicScheduler.cpp.o
[60/100] Building CXX object CMakeFiles/OpenAndroidUSM.Core.dir/src/game/LevelCheckPointRuntime.cpp.o
[61/100] Building CXX object CMakeFiles/OpenAndroidUSM.Core.dir/src/game/LevelDeathRuntime.cpp.o
[62/100] Building CXX object CMakeFiles/OpenAndroidUSM.Core.dir/src/game/LevelCinematicRuntime.cpp.o
[63/100] Building CXX object CMakeFiles/OpenAndroidUSM.Core.dir/src/game/LevelBonusRuntime.cpp.o
[64/100] Building CXX object CMakeFiles/OpenAndroidUSM.Core.dir/src/game/GameplayPlayer.cpp.o
[65/100] Building CXX object CMakeFiles/OpenAndroidUSM.Core.dir/src/game/LevelDamageRuntime.cpp.o
[66/100] Building CXX object CMakeFiles/OpenAndroidUSM.Core.dir/src/game/LevelCollision.cpp.o
[67/100] Building CXX object CMakeFiles/OpenAndroidUSM.Core.dir/src/game/LevelEffectRuntime.cpp.o
[68/100] Building CXX object CMakeFiles/OpenAndroidUSM.Core.dir/src/game/LevelDropRuntime.cpp.o
[69/100] Building CXX object CMakeFiles/OpenAndroidUSM.Core.dir/src/game/NativeRandomizer.cpp.o
[70/100] Building CXX object CMakeFiles/OpenAndroidUSM.Core.dir/src/game/LevelHintRuntime.cpp.o
[71/100] Building CXX object CMakeFiles/OpenAndroidUSM.Core.dir/src/game/LevelMusicRuntime.cpp.o
[72/100] Building CXX object CMakeFiles/OpenAndroidUSM.Core.dir/src/game/LevelHostageRuntime.cpp.o
[73/100] Building CXX object CMakeFiles/OpenAndroidUSM.Core.dir/src/game/LevelTriggerRuntime.cpp.o
[74/100] Building CXX object CMakeFiles/OpenAndroidUSM.Core.dir/src/game/LevelTriggerSoundRuntime.cpp.o
[75/100] Building CXX object CMakeFiles/OpenAndroidUSM.Core.dir/src/game/LevelRestoreRuntime.cpp.o
[76/100] Building CXX object CMakeFiles/OpenAndroidUSM.Core.dir/src/game/PlayerHudHealthState.cpp.o
[77/100] Building CXX object CMakeFiles/OpenAndroidUSM.Core.dir/src/game/LevelObjectRuntime.cpp.o
[78/100] Building CXX object CMakeFiles/OpenAndroidUSM.Core.dir/src/game/LocalizedStringTable.cpp.o
[79/100] Building CXX object CMakeFiles/OpenAndroidUSM.Core.dir/src/game/QuickTimeEventRuntime.cpp.o
[80/100] Building CXX object CMakeFiles/OpenAndroidUSM.Core.dir/src/game/LevelSlideRuntime.cpp.o
[81/100] Building CXX object CMakeFiles/OpenAndroidUSM.Core.dir/src/game/PlayerHitEffectConfig.cpp.o
[82/100] Building CXX object CMakeFiles/OpenAndroidUSM.Core.dir/src/game/PlayerStateConfig.cpp.o
[83/100] Building CXX object CMakeFiles/OpenAndroidUSM.Core.dir/src/game/WebLineGeometry.cpp.o
[84/100] Building CXX object CMakeFiles/OpenAndroidUSM.Core.dir/src/game/WebSwingRuntime.cpp.o
[85/100] Building CXX object CMakeFiles/OpenAndroidUSM.Core.dir/src/reconstructed/input/XperiaKeyRouter.cpp.o
[86/100] Building CXX object CMakeFiles/OpenAndroidUSM.Core.dir/src/game/WallWebRuntime.cpp.o
[87/100] Building CXX object CMakeFiles/OpenAndroidUSM.Core.dir/src/platform/input/XInputStateTranslator.cpp.o
[88/100] Linking CXX static library _deps/pugixml-build/libpugixml.a
[89/100] Linking C static library _deps/zlib-build/libz.a
[90/100] Building CXX object CMakeFiles/OpenAndroidUSM.Core.dir/src/game/WebGrabPointRuntime.cpp.o
[91/100] Building CXX object CMakeFiles/OpenAndroidUSM.InputTransitionsTests.dir/tests/InputTransitionsTests.cpp.o
[92/100] Building CXX object CMakeFiles/OpenAndroidUSM.Core.dir/src/game/LevelEnemyRuntime.cpp.o
[93/100] Building CXX object CMakeFiles/OpenAndroidUSM.Core.dir/src/game/LevelOneBootstrap.cpp.o
[94/100] Building CXX object CMakeFiles/OpenAndroidUSM.InputParityTests.dir/tests/InputParityTests.cpp.o
[95/100] Building CXX object CMakeFiles/OpenAndroidUSM.Core.dir/src/diagnostics/AutoplayHarness.cpp.o
[96/100] Linking CXX static library libOpenAndroidUSM.Core.a
[97/100] Linking CXX executable OpenAndroidUSM.InputTransitionsTests
[98/100] Linking CXX executable OpenAndroidUSM.InputParityTests
[99/100] Building CXX object CMakeFiles/OpenAndroidUSM.CoreTests.dir/tests/SmokeTests.cpp.o
[100/100] Linking CXX executable OpenAndroidUSM.CoreTests
