{
  "size": 7713000,
  "sha256": "f35d959d54d43d3d4cce07d1afac4cbe52438997a3bf4d5304c50610cabc2679",
  "machine": "ELF32 little-endian ARM",
  "symbols": [
    {
      "name": "_ZN7CSprite16GetAFrameOffsetXEii",
      "elf_address": "0x002d612c",
      "thumb": true,
      "size": 16,
      "sha256": "37a511655b81e5a9ebb6f42265109cf3cb85a4a7f2afe18dfc50fb6d9d0fe3d4"
    },
    {
      "name": "_ZN7CSprite16GetAFrameOffsetYEii",
      "elf_address": "0x002d613c",
      "thumb": true,
      "size": 16,
      "sha256": "950d22591d3bd300d1476fd8571eecf464a188daba33105fa8fa2ea94218485c"
    },
    {
      "name": "_ZN7CSprite15GetAnimDurationEi",
      "elf_address": "0x002d7c84",
      "thumb": true,
      "size": 36,
      "sha256": "d4196baaae1485845e82ef13bf8e12158e8018c16226521457c507350263dd5c"
    },
    {
      "name": "_ZN15CSpriteInstance12InitInstanceEiiP7CSprite",
      "elf_address": "0x002d9af8",
      "thumb": true,
      "size": 60,
      "sha256": "6ef769c93d16fe7fc70771b23d6cd0104fc5c5fe0bbbfccf6305bdd80d945244"
    },
    {
      "name": "_ZN15CSpriteInstance16UpdateSpriteAnimEf",
      "elf_address": "0x002d9c10",
      "thumb": true,
      "size": 172,
      "sha256": "82d01d3b835ec9688cfa4ec99d6455b46dbc889830e09da6d7b26e1b8c334eb5"
    },
    {
      "name": "_ZN15CSpriteInstance7RestartEv",
      "elf_address": "0x002d9cc4",
      "thumb": true,
      "size": 36,
      "sha256": "2a54521dd7de9216fe99629f6463dd6b13391300e3d34648c9f72d2f8871414b"
    },
    {
      "name": "_ZN15CSpriteInstance7SetAnimEi",
      "elf_address": "0x002d9ce8",
      "thumb": true,
      "size": 26,
      "sha256": "430201f6d2d6d8ad7bfd6c2e32780313fcbb934466c16d1693daaba3419d4a1e"
    },
    {
      "name": "_ZN15CSpriteInstance11SetAnimSafeEi",
      "elf_address": "0x002d9d04",
      "thumb": true,
      "size": 24,
      "sha256": "94f49810538d763b40caa2776c7168d65783952665eaf02c985dc11277c66104"
    },
    {
      "name": "_ZN15CSpriteInstance11IsAnimEndedEv",
      "elf_address": "0x002d9d1c",
      "thumb": true,
      "size": 74,
      "sha256": "29d1f48717d47a0b1aef088f82fbf58ec1c34bf9bb41470542590d4d9b8a7997"
    },
    {
      "name": "_ZN15CSpriteInstance6UpdateEf",
      "elf_address": "0x002d9d68",
      "thumb": true,
      "size": 24,
      "sha256": "35f2c388576d57bdddd98c011945583f0390323b80224cee0e2a57a17064b08b"
    },
    {
      "name": "_ZN16ButtonConfigFile9ReadBasicEP12ButtonConfigP11CBinaryFile",
      "elf_address": "0x002eb8d4",
      "thumb": true,
      "size": 222,
      "sha256": "fc44abd8754202712a307c82798822fd9f2af369275fbcd4f60f1fc181ff5c1a"
    },
    {
      "name": "_ZN16ButtonConfigFile10LoadConfigEPKc",
      "elf_address": "0x002eb9b4",
      "thumb": true,
      "size": 136,
      "sha256": "902716323ea15d1bf7e3a1fb86ceeb23601c64ff49579223f2089bf108c6ab30"
    },
    {
      "name": "_ZN13CSwitchObject8doActionEv",
      "elf_address": "0x003107a4",
      "thumb": true,
      "size": 108,
      "sha256": "7e4155bdb69ced337b3e84a4107cb30d2632ab99c2d23ad625838392e84745c1"
    },
    {
      "name": "_ZN13CSwitchObject6UpdateEf",
      "elf_address": "0x00310828",
      "thumb": true,
      "size": 1028,
      "sha256": "d0b0a5953f09e47daae612d9b9d5e25c1e349ef66afae8cbb4f926030fa3f8af"
    },
    {
      "name": "_ZN8CHostage11OnExitStateEi",
      "elf_address": "0x00327d98",
      "thumb": true,
      "size": 74,
      "sha256": "7a25661e98f530fb59bc8cfbfc39466f58ce2bf105e745a6292e0c68ebfe3b78"
    },
    {
      "name": "_ZN8CHostage12OnEnterStateEi",
      "elf_address": "0x00327de4",
      "thumb": true,
      "size": 528,
      "sha256": "6253a4194f69d0f895d476ec2f64cd20fe5ebba75c91271fd292dd980a5719d8"
    },
    {
      "name": "_ZN8CHostage6UpdateEf",
      "elf_address": "0x00328068",
      "thumb": true,
      "size": 1352,
      "sha256": "602e73d58728990678567ae103d2ccf6b9103081eda16e01a7ed6fcc672cf782"
    },
    {
      "name": "_ZN8CHostage15ProcessUserAttrEPN3irr2io11IAttributesE",
      "elf_address": "0x00328724",
      "thumb": true,
      "size": 676,
      "sha256": "345863591bbdb8b0cee296bce789c8170e0950c7d0fb0b084fd6d6ce43aa877b"
    },
    {
      "name": "_ZN8CHostageC1Ev",
      "elf_address": "0x00328c20",
      "thumb": true,
      "size": 372,
      "sha256": "7555491c3e3c224c745cabf118434625adc9516dfafbb3209e135b672282ecfd"
    },
    {
      "name": "_ZN17InteractiveButton6UpdateEf",
      "elf_address": "0x0032f1ac",
      "thumb": true,
      "size": 388,
      "sha256": "55ec41a2b9c0f80392f5e9d9dece601960ca9db0e10b17c5c9eefade2992c02e"
    },
    {
      "name": "_ZN6Player10IsUltimateEi",
      "elf_address": "0x0033002c",
      "thumb": true,
      "size": 22,
      "sha256": "d88f9a42fc4b87a9036c42bdf02c95790eeb0a6281f5ac722d0c491134cad507"
    },
    {
      "name": "_ZN6CLevel8ResumeItEv",
      "elf_address": "0x0036f3e4",
      "thumb": true,
      "size": 72,
      "sha256": "1e12545b2fbb0c6f844a66ae57cc8372195f661542d9a50caab1cab8259f5ca5"
    },
    {
      "name": "_ZN6CLevel10PauseTimerEv",
      "elf_address": "0x0036f42c",
      "thumb": true,
      "size": 24,
      "sha256": "68d88b01e7526d11544ce8223f077094b578b39994779cc5222b94c6f5b7c129"
    },
    {
      "name": "_ZN6CLevel6UpdateEf",
      "elf_address": "0x003720bc",
      "thumb": true,
      "size": 1688,
      "sha256": "5ec788200423ab60e59b6adb9396cdcb08130ea57fd6d9cbfa7140106c343a89"
    },
    {
      "name": "_ZN11CQTEManager15CalculateEndPosEP12ButtonConfigii",
      "elf_address": "0x0037a3f8",
      "thumb": true,
      "size": 106,
      "sha256": "9695a674c3114b80a3aa8567d4f383dd6ab1b8fa671ff2367c4d8e9a4d290d7a"
    },
    {
      "name": "_ZN11CQTEManager10GetQTETimeEi",
      "elf_address": "0x0037a464",
      "thumb": true,
      "size": 84,
      "sha256": "3bb115fb27986c070322db4b438394d80d2111d2ed8c9de869afa50b139fde06"
    },
    {
      "name": "_ZN11CQTEManager9IsOutTimeEv",
      "elf_address": "0x0037a4b8",
      "thumb": true,
      "size": 68,
      "sha256": "756f989ef1fcdf4822abe1d7734cf34a4bff710ee3936d085b792847242db2fd"
    },
    {
      "name": "_ZN11CQTEManager8SetPauseEb",
      "elf_address": "0x0037a4fc",
      "thumb": true,
      "size": 96,
      "sha256": "b1b71abc06a83baf49def169c20bf014ce724ae1cfe8d6124729a71e99b2bbc4"
    },
    {
      "name": "_ZN11CQTEManager6EndQTEEv",
      "elf_address": "0x0037a5b0",
      "thumb": true,
      "size": 52,
      "sha256": "79c93206f203f587d78388dae661d0dce6fe4521d95b8868a3e16527888dd37c"
    },
    {
      "name": "_ZN11CQTEManager13SuccessHandleEv",
      "elf_address": "0x0037a5e4",
      "thumb": true,
      "size": 76,
      "sha256": "186d171d9ae2b12b71a66f96916b88c9ee05fd388aafb1529ebe144cdd83be88"
    },
    {
      "name": "_ZN11CQTEManager10FailHandleEv",
      "elf_address": "0x0037a630",
      "thumb": true,
      "size": 76,
      "sha256": "7ec93470cf683588f3f2f16083870b820d9d5b9c757b54694ffdbc171248fc74"
    },
    {
      "name": "_ZN11CQTEManager8SetStateEi",
      "elf_address": "0x0037a67c",
      "thumb": true,
      "size": 332,
      "sha256": "dcf6a85d3a724edb2428bb25a44d5d1024b7f5fec80372faebc4ccc49a9dc8f2"
    },
    {
      "name": "_ZN11CQTEManager4DrawEv",
      "elf_address": "0x0037a7c8",
      "thumb": true,
      "size": 540,
      "sha256": "3547a2cca9cc7526786e36032e48fdbf28dd0ab2b20eb0cbb2f5e748253c9895"
    },
    {
      "name": "_ZN11CQTEManager12ForceFailQTEEv",
      "elf_address": "0x0037a9fc",
      "thumb": true,
      "size": 10,
      "sha256": "9af497dce9eb1b5f74f790a5ebcdfe20cbf0299d9b6ed9b46b2a222e7de32b7d"
    },
    {
      "name": "_ZN11CQTEManager11BeginNowQTEEv",
      "elf_address": "0x0037aa08",
      "thumb": true,
      "size": 312,
      "sha256": "42fa12b37c92687f6b9b9b22654f693b3d11814ca7734baf1ebb114e42dd46b9"
    },
    {
      "name": "_ZN11CQTEManager8BeginQTEEiiii",
      "elf_address": "0x0037ab40",
      "thumb": true,
      "size": 120,
      "sha256": "89d03744fb39e91be7bc7d7b1f8068499184181f755f3e6f8630534f1693d288"
    },
    {
      "name": "_ZN11CQTEManager7NextQTEEv",
      "elf_address": "0x0037abb8",
      "thumb": true,
      "size": 30,
      "sha256": "a8388dd9715adeea40240d85399959f468debe15c3e5e2ac7ce675d6a7e64397"
    },
    {
      "name": "_ZN11CQTEManager12CheckSuccessEv",
      "elf_address": "0x0037abd8",
      "thumb": true,
      "size": 24,
      "sha256": "837d465fb4d27f0fd50c4fbee0e1f3854e928d978464d8b55cf70d9c61c65cf2"
    },
    {
      "name": "_ZN11CQTEManager7onEventEPK6IEventPK12EventManager",
      "elf_address": "0x0037abf0",
      "thumb": true,
      "size": 228,
      "sha256": "9945203aaf6931f038e49972ca2a8c29f73a687ac1115134e363161feeb028ce"
    },
    {
      "name": "_ZN11CQTEManager15UpdateDragStateEf",
      "elf_address": "0x0037acd4",
      "thumb": true,
      "size": 276,
      "sha256": "d30a90e393eded9cfd9f35083dc8e0665ac0bc8d61529ae7628375c35edb49af"
    },
    {
      "name": "_ZN11CQTEManagerC1EP13ControlScheme",
      "elf_address": "0x0037aee4",
      "thumb": true,
      "size": 420,
      "sha256": "8e8decb416fc862b6770a7d8a09d8cec42a8a2d31b8ef05a7ad7af55c274319a"
    },
    {
      "name": "_ZN11CQTEManager6UpdateEf",
      "elf_address": "0x0037b240",
      "thumb": true,
      "size": 460,
      "sha256": "b37b509937754778139e710d09a0ab2765c5720af3f39addf0bac66ba3e7cc90"
    },
    {
      "name": "appKeyReleased",
      "elf_address": "0x003cbd5c",
      "thumb": true,
      "size": 2560,
      "sha256": "b2916599043cee7ca7fdd61dd778a08e971694b52e28ef4a0dd2608f3e44a445"
    },
    {
      "name": "appKeyPressed",
      "elf_address": "0x003cc75c",
      "thumb": true,
      "size": 424,
      "sha256": "14c28da418a40afd56b8ee069a5ccc84d2b712311a1c5e0e3c3155be5c1f4966"
    },
    {
      "name": "_ZN11Application9GetRealTsEv",
      "elf_address": "0x003ce5d4",
      "thumb": true,
      "size": 6,
      "sha256": "f78d91149676a372a853c5a27e3cad21cbbf0491abe786f995158982ceb1b0cf"
    },
    {
      "name": "_ZN11Application6UpdateEv",
      "elf_address": "0x003d1624",
      "thumb": true,
      "size": 248,
      "sha256": "0393a33cc6b9e20db0382c715ce131c24b98dbaaac282d6ca58a42bac7912d0d"
    },
    {
      "name": "_ZN3irr2os5Timer7getTimeEv",
      "elf_address": "0x0042aea0",
      "thumb": true,
      "size": 56,
      "sha256": "68ff62d52f84891ba3fa4fbdb7a6212e38b0d430c4d05e59a5709302b74cf683"
    },
    {
      "name": "_ZN3irr2os5Timer4tickEv",
      "elf_address": "0x0042b054",
      "thumb": true,
      "size": 24,
      "sha256": "90d074a34fb8cbd249c4cecc9e10a718910b5e98323a1a140043ace815826982"
    }
  ],
  "verified": true,
  "ghidra_rebase_offset": "0x00010000",
  "note": "Identity verification only; no ARM code was executed."
}
